<html>
<body>
<pre>
<h1>µVision Build Log</h1>
<h2>Project:</h2>
C:\Users\tony zhang\Desktop\EE445L\ee445l2017\Lab11\espDemo.uvproj
Project File Date:  11/06/2017

<h2>Output:</h2>
Rebuild target 'esp8266'
assembling startup.s...
compiling main.c...
compiling pll.c...
compiling esp8266.c...
compiling UART.c...
compiling LED.c...
compiling ST7735.c...
compiling switch.c...
compiling Gas_Sensor.c...
compiling Temp_Sensor.c...
Temp_Sensor.c(52): warning:  #177-D: variable "delay" was declared but never referenced
      int delay = i;            
Temp_Sensor.c: 1 warning, 0 errors
compiling Sound.c...
compiling ADCSWTrigger.c...
compiling Screen.c...
linking...
Program Size: Code=4712 RO-data=2052 RW-data=400 ZI-data=6176  
".\esp8266.axf" - 0 Error(s), 1 Warning(s).
</pre>
</body>
</html>
g\\Desktop\\EE445L\\ee445l2017\\Lab11\\esp8266.axf" 
Connecting: Mode=JTAG, Speed=1000000Hz
Connection failed!, error code=&d
Error: Flash Download failed  -  Target DLL has been cancelled
:  #1295-D: Deprecated declaration stopSound - give arg types
  void stopSound();
Gas_Sensor.c: 2 warnings, 0 errors
compiling Temp_Sensor.c...
Temp_Sensor.c(52): warning:  #177-D: variable "delay" was declared but never referenced
      int delay = i;            
Temp_Sensor.c: 1 warning, 0 errors
compiling Sound.c...
Sound.h(6): warning:  #1295-D: Deprecated declaration startSound - give arg types
  void startSound();
Sound.h(7): warning:  #1295-D: Deprecated declaration stopSound - give arg types
  void stopSound();
Sound.c: 2 warnings, 0 errors
compiling ADCSWTrigger.c...
compiling Screen.c...
linking...
Program Size: Code=4528 RO-data=2052 RW-data=400 ZI-data=6176  
".\esp8266.axf" - 0 Error(s), 9 Warning(s).
