ARM Linker, 5.03 [Build 76] [MDK-ARM Lite]

==============================================================================

Section Cross References

    main.o(i.Connection) refers to main.o(i.configureSimpleLinkToDefaultState) for configureSimpleLinkToDefaultState
    main.o(i.Connection) refers to device.o(i.sl_Start) for sl_Start
    main.o(i.Connection) refers to main.o(i.Crash) for Crash
    main.o(i.Connection) refers to wlan.o(i.sl_WlanConnect) for sl_WlanConnect
    main.o(i.Connection) refers to nonos.o(i._SlNonOsMainLoopTask) for _SlNonOsMainLoopTask
    main.o(i.Connection) refers to main.o(.data) for .data
    main.o(i.Crash) refers to led.o(i.LED_RedToggle) for LED_RedToggle
    main.o(i.Google_connect) refers to adcswtrigger.o(i.ADC0_InSeq3) for ADC0_InSeq3
    main.o(i.Google_connect) refers to dfltui.o(.text) for __aeabi_ui2d
    main.o(i.Google_connect) refers to dmul.o(.text) for __aeabi_dmul
    main.o(i.Google_connect) refers to dadd.o(.text) for __aeabi_drsub
    main.o(i.Google_connect) refers to printfa.o(i.__0sprintf) for __2sprintf
    main.o(i.Google_connect) refers to netapp.o(i.sl_NetAppDnsGetHostByName) for sl_NetAppDnsGetHostByName
    main.o(i.Google_connect) refers to socket.o(i.sl_Htons) for sl_Htons
    main.o(i.Google_connect) refers to socket.o(i.sl_Htonl) for sl_Htonl
    main.o(i.Google_connect) refers to socket.o(i.sl_Socket) for sl_Socket
    main.o(i.Google_connect) refers to socket.o(i.sl_Connect) for sl_Connect
    main.o(i.Google_connect) refers to strcpy.o(.text) for strcpy
    main.o(i.Google_connect) refers to strcat.o(.text) for strcat
    main.o(i.Google_connect) refers to strlen.o(.text) for strlen
    main.o(i.Google_connect) refers to socket.o(i.sl_Send) for sl_Send
    main.o(i.Google_connect) refers to socket.o(i.sl_Recv) for sl_Recv
    main.o(i.Google_connect) refers to socket.o(i.sl_Close) for sl_Close
    main.o(i.Google_connect) refers to main.o(.data) for .data
    main.o(i.Google_connect) refers to main.o(.constdata) for .constdata
    main.o(i.Google_connect) refers to main.o(.bss) for .bss
    main.o(i.Set_Time) refers to strstr.o(.text) for strstr
    main.o(i.Set_Time) refers to main.o(i.parse_time) for parse_time
    main.o(i.Set_Time) refers to main.o(.bss) for .bss
    main.o(i.Set_Time) refers to main.o(.data) for .data
    main.o(i.SimpleLinkGeneralEventHandler) refers to uartstdio.o(i.UARTprintf) for UARTprintf
    main.o(i.SimpleLinkHttpServerCallback) refers to uartstdio.o(i.UARTprintf) for UARTprintf
    main.o(i.SimpleLinkNetAppEventHandler) refers to uartstdio.o(i.UARTprintf) for UARTprintf
    main.o(i.SimpleLinkNetAppEventHandler) refers to main.o(.data) for .data
    main.o(i.SimpleLinkSockEventHandler) refers to uartstdio.o(i.UARTprintf) for UARTprintf
    main.o(i.SimpleLinkSockEventHandler) refers to main.o(.constdata) for .constdata
    main.o(i.SimpleLinkWlanEventHandler) refers to uartstdio.o(i.UARTprintf) for UARTprintf
    main.o(i.SimpleLinkWlanEventHandler) refers to main.o(.data) for .data
    main.o(i.UART_Init) refers to sysctl.o(i.SysCtlPeripheralEnable) for SysCtlPeripheralEnable
    main.o(i.UART_Init) refers to gpio.o(i.GPIOPinConfigure) for GPIOPinConfigure
    main.o(i.UART_Init) refers to gpio.o(i.GPIOPinTypeUART) for GPIOPinTypeUART
    main.o(i.UART_Init) refers to uartstdio.o(i.UARTStdioConfig) for UARTStdioConfig
    main.o(i.configureSimpleLinkToDefaultState) refers to memseta.o(.text) for __aeabi_memclr4
    main.o(i.configureSimpleLinkToDefaultState) refers to device.o(i.sl_Start) for sl_Start
    main.o(i.configureSimpleLinkToDefaultState) refers to wlan.o(i.sl_WlanSetMode) for sl_WlanSetMode
    main.o(i.configureSimpleLinkToDefaultState) refers to device.o(i.sl_Stop) for sl_Stop
    main.o(i.configureSimpleLinkToDefaultState) refers to device.o(i.sl_DevGet) for sl_DevGet
    main.o(i.configureSimpleLinkToDefaultState) refers to wlan.o(i.sl_WlanPolicySet) for sl_WlanPolicySet
    main.o(i.configureSimpleLinkToDefaultState) refers to wlan.o(i.sl_WlanProfileDel) for sl_WlanProfileDel
    main.o(i.configureSimpleLinkToDefaultState) refers to wlan.o(i.sl_WlanDisconnect) for sl_WlanDisconnect
    main.o(i.configureSimpleLinkToDefaultState) refers to netcfg.o(i.sl_NetCfgSet) for sl_NetCfgSet
    main.o(i.configureSimpleLinkToDefaultState) refers to wlan.o(i.sl_WlanSet) for sl_WlanSet
    main.o(i.configureSimpleLinkToDefaultState) refers to netapp.o(i.sl_NetAppMDNSUnRegisterService) for sl_NetAppMDNSUnRegisterService
    main.o(i.configureSimpleLinkToDefaultState) refers to main.o(.data) for .data
    main.o(i.configureSimpleLinkToDefaultState) refers to main.o(.bss) for .bss
    main.o(i.main) refers to board.o(i.initClk) for initClk
    main.o(i.main) refers to main.o(i.UART_Init) for UART_Init
    main.o(i.main) refers to led.o(i.LED_Init) for LED_Init
    main.o(i.main) refers to adcswtrigger.o(i.ADC0_InitSWTriggerSeq3_Ch9) for ADC0_InitSWTriggerSeq3_Ch9
[...]
    timer.c                                  0x00000000   Number         0  timer.o ABSOLUTE
    uart.c                                   0x00000000   Number         0  uart.o ABSOLUTE
    $v0                                      0x0000026c   Number         0  startup_rvmdk.o(RESET)
    NmiSR                                    0x00000281   Thumb Code     0  startup_rvmdk.o(RESET)
    FaultISR                                 0x00000283   Thumb Code     0  startup_rvmdk.o(RESET)
    IntDefaultHandler                        0x00000285   Thumb Code     0  startup_rvmdk.o(RESET)
    .ARM.Collect$$$$00000000                 0x000002a0   Section        0  entry.o(.ARM.Collect$$$$00000000)
    .ARM.Collect$$$$00000001                 0x000002a0   Section        4  entry2.o(.ARM.Collect$$$$00000001)
    .ARM.Collect$$$$00000004                 0x000002a4   Section        4  entry5.o(.ARM.Collect$$$$00000004)
    .ARM.Collect$$$$00000008                 0x000002a8   Section        0  entry7b.o(.ARM.Collect$$$$00000008)
    .ARM.Collect$$$$0000000A                 0x000002a8   Section        0  entry8b.o(.ARM.Collect$$$$0000000A)
    .ARM.Collect$$$$0000000B                 0x000002a8   Section        8  entry9a.o(.ARM.Collect$$$$0000000B)
    .ARM.Collect$$$$0000000D                 0x000002b0   Section        0  entry10a.o(.ARM.Collect$$$$0000000D)
    .ARM.Collect$$$$0000000F                 0x000002b0   Section        0  entry11a.o(.ARM.Collect$$$$0000000F)
    .ARM.Collect$$$$00002712                 0x000002b0   Section        4  entry2.o(.ARM.Collect$$$$00002712)
    __lit__00000000                          0x000002b0   Data           4  entry2.o(.ARM.Collect$$$$00002712)
    .emb_text                                0x000002b4   Section        6  sysctl.o(.emb_text)
    $v0                                      0x000002b4   Number         0  sysctl.o(.emb_text)
    .emb_text                                0x000002bc   Section       38  cpu.o(.emb_text)
    $v0                                      0x000002bc   Number         0  cpu.o(.emb_text)
    .text                                    0x000002e2   Section        0  memcpya.o(.text)
    .text                                    0x00000306   Section        0  memseta.o(.text)
    .text                                    0x0000032a   Section        0  strstr.o(.text)
    .text                                    0x0000034e   Section        0  strlen.o(.text)
    .text                                    0x0000035c   Section        0  strcpy.o(.text)
    .text                                    0x0000036e   Section        0  dmul.o(.text)
    .text                                    0x00000452   Section        0  dfixi.o(.text)
    .text                                    0x00000490   Section        0  llshl.o(.text)
    .text                                    0x000004ae   Section        0  llushr.o(.text)
    .text                                    0x000004d0   Section        0  strtod.o(.text)
    _local_sscanf                            0x000004d1   Thumb Code    54  strtod.o(.text)
    .text                                    0x0000056c   Section        0  depilogue.o(.text)
    .text                                    0x0000056c   Section        0  iusefp.o(.text)
    .text                                    0x0000062a   Section        0  ddiv.o(.text)
    .text                                    0x00000708   Section       36  init.o(.text)
    .text                                    0x0000072c   Section        0  isspace_c.o(.text)
    .text                                    0x00000738   Section        0  scanf_fp.o(.text)
    _fp_value                                0x00000739   Thumb Code   256  scanf_fp.o(.text)
    .text                                    0x00000a74   Section        0  _sgetc.o(.text)
    .text                                    0x00000ab4   Section        0  ctype_c.o(.text)
    .text                                    0x00000adc   Section        0  dfltul.o(.text)
    .text                                    0x00000af4   Section        0  d2f.o(.text)
    .text                                    0x00000b2c   Section        0  fepilogue.o(.text)
    .text                                    0x00000b98   Section        0  __dczerorl2.o(.text)
    i.ADC0_InitSWTriggerSeq3_Ch9             0x00000bf4   Section        0  adcswtrigger.o(i.ADC0_InitSWTriggerSeq3_Ch9)
    i.Board_Input                            0x00000ca8   Section        0  led.o(i.Board_Input)
    i.CC3100_InterruptDisable                0x00000cbc   Section        0  board.o(i.CC3100_InterruptDisable)
    i.CC3100_InterruptEnable                 0x00000cc8   Section        0  board.o(i.CC3100_InterruptEnable)
    i.CC3100_disable                         0x00000cd4   Section        0  board.o(i.CC3100_disable)
    i.CC3100_enable                          0x00000ce4   Section        0  board.o(i.CC3100_enable)
    i.Clock_Init                             0x00000cf4   Section        0  clock.o(i.Clock_Init)
    i.Clock_wait                             0x00000d14   Section        0  clock.o(i.Clock_wait)
    i.Connection                             0x00000d80   Section        0  main.o(i.Connection)
    i.CopyPingResultsToReport                0x00000df8   Section        0  netapp.o(i.CopyPingResultsToReport)
    i.Crash                                  0x00000e12   Section        0  main.o(i.Crash)
    i.Delay1ms                               0x00000e24   Section        0  st7735.o(i.Delay1ms)
    i.FPUEnable                              0x00000e40   Section        0  fpu.o(i.FPUEnable)
    i.FPULazyStackingEnable                  0x00000e50   Section        0  fpu.o(i.FPULazyStackingEnable)
    i.GPIOB_intHandler                       0x00000e60   Section        0  board.o(i.GPIOB_intHandler)
    i.GPIODirModeSet                         0x00000e94   Section        0  gpio.o(i.GPIODirModeSet)
    i.GPIOIntClear                           0x00000ebc   Section        0  gpio.o(i.GPIOIntClear)
    i.GPIOIntDisable                         0x00000ec2   Section        0  gpio.o(i.GPIOIntDisable)
    i.GPIOIntEnable                          0x00000ed0   Section        0  gpio.o(i.GPIOIntEnable)
    i.GPIOIntStatus                          0x00000ede   Section        0  gpio.o(i.GPIOIntStatus)
    i.GPIOIntTypeSet                         0x00000eec   Section        0  gpio.o(i.GPIOIntTypeSet)
    i.GPIOPadConfigSet                       0x00000f3c   Section        0  gpio.o(i.GPIOPadConfigSet)
    i.GPIOPinConfigure                       0x00001078   Section        0  gpio.o(i.GPIOPinConfigure)
    i.GPIOPinTypeGPIOInput                   0x000010c0   Section        0  gpio.o(i.GPIOPinTypeGPIOInput)
    i.GPIOPinTypeGPIOOutput                  0x000010dc   Section        0  gpio.o(i.GPIOPinTypeGPIOOutput)
    i.GPIOPinTypeSSI                         0x000010f8   Section        0  gpio.o(i.GPIOPinTypeSSI)
    i.GPIOPinTypeUART                        0x00001114   Section        0  gpio.o(i.GPIOPinTypeUART)
    i.GPIOPinWrite                           0x00001130   Section        0  gpio.o(i.GPIOPinWrite)
    i.GetStartResponseConvert                0x00001136   Section        0  device.o(i.GetStartResponseConvert)
    i.IntEnable                              0x0000117c   Section        0  interrupt.o(i.IntEnable)
    i.IntMasterEnable                        0x000011e0   Section        0  interrupt.o(i.IntMasterEnable)
    i.IntRegister                            0x000011f0   Section        0  interrupt.o(i.IntRegister)
    i.IsBufferEmpty                          0x00001224   Section        0  uartstdio.o(i.IsBufferEmpty)
    IsBufferEmpty                            0x00001225   Thumb Code    16  uartstdio.o(i.IsBufferEmpty)
    i.IsBufferFull                           0x00001234   Section        0  uartstdio.o(i.IsBufferFull)
    IsBufferFull                             0x00001235   Thumb Code    26  uartstdio.o(i.IsBufferFull)
    i.LED_GreenOff                           0x00001250   Section        0  led.o(i.LED_GreenOff)
    i.LED_GreenOn                            0x0000125c   Section        0  led.o(i.LED_GreenOn)
    i.LED_Init                               0x00001268   Section        0  led.o(i.LED_Init)
    i.LED_RedToggle                          0x00001340   Section        0  led.o(i.LED_RedToggle)
    i.Parse_Buffer                           0x00001350   Section        0  screen.o(i.Parse_Buffer)
    i.SSIConfigSetExpClk                     0x00001374   Section        0  ssi.o(i.SSIConfigSetExpClk)
    i.SSIDataGetNonBlocking                  0x000013be   Section        0  ssi.o(i.SSIDataGetNonBlocking)
    i.SSIDataPutNonBlocking                  0x000013d2   Section        0  ssi.o(i.SSIDataPutNonBlocking)
    i.SSIEnable                              0x000013e2   Section        0  ssi.o(i.SSIEnable)
    i.ST7735_DrawChar                        0x000013ec   Section        0  st7735.o(i.ST7735_DrawChar)
    i.ST7735_DrawCharS                       0x000014b4   Section        0  st7735.o(i.ST7735_DrawCharS)
    i.ST7735_DrawPixel                       0x00001570   Section        0  st7735.o(i.ST7735_DrawPixel)
    i.ST7735_DrawString                      0x000015ac   Section        0  st7735.o(i.ST7735_DrawString)
    i.ST7735_FillRect                        0x00001600   Section        0  st7735.o(i.ST7735_FillRect)
    i.ST7735_FillScreen                      0x00001678   Section        0  st7735.o(i.ST7735_FillScreen)
    i.ST7735_InitR                           0x00001694   Section        0  st7735.o(i.ST7735_InitR)
    i.ST7735_SetCursor                       0x000016fc   Section        0  st7735.o(i.ST7735_SetCursor)
    i.Set_Time                               0x00001710   Section        0  main.o(i.Set_Time)
    i.SimpleLinkHttpServerCallback           0x00001750   Section        0  main.o(i.SimpleLinkHttpServerCallback)
    i.SimpleLinkNetAppEventHandler           0x0000177c   Section        0  main.o(i.SimpleLinkNetAppEventHandler)
    i.SimpleLinkWlanEventHandler             0x000017bc   Section        0  main.o(i.SimpleLinkWlanEventHandler)
    i.Sound_Init                             0x0000188c   Section        0  sound.o(i.Sound_Init)
    i.SysCtlClockGet                         0x00001890   Section        0  sysctl.o(i.SysCtlClockGet)
    i.SysCtlClockSet                         0x000019f4   Section        0  sysctl.o(i.SysCtlClockSet)
    i.SysCtlPeripheralEnable                 0x00001b14   Section        0  sysctl.o(i.SysCtlPeripheralEnable)
    i.Time_Init                              0x00001b3c   Section        0  timer.o(i.Time_Init)
    i.Timer2A_Handler                        0x00001b50   Section        0  timer.o(i.Timer2A_Handler)
    i.Timer2_Init                            0x00001b5c   Section        0  timer.o(i.Timer2_Init)
    i.TimerIntRegister                       0x00001bb8   Section        0  timer.o(i.TimerIntRegister)
    i.UARTFlushRx                            0x00001bd4   Section        0  uartstdio.o(i.UARTFlushRx)
    i.UARTFlushTx                            0x00001bfc   Section        0  uartstdio.o(i.UARTFlushTx)
    i.UARTPrimeTransmit                      0x00001c34   Section        0  uartstdio.o(i.UARTPrimeTransmit)
    UARTPrimeTransmit                        0x00001c35   Thumb Code   108  uartstdio.o(i.UARTPrimeTransmit)
    i.UARTStdioConfig                        0x00001cac   Section        0  uartstdio.o(i.UARTStdioConfig)
    i.UARTStdioIntHandler                    0x00001d44   Section        0  uartstdio.o(i.UARTStdioIntHandler)
    i.UART_Init                              0x00001e4c   Section        0  main.o(i.UART_Init)
    i.UARTprintf                             0x00001e90   Section        0  uartstdio.o(i.UARTprintf)
    i.UARTvprintf                            0x00001ea4   Section        0  uartstdio.o(i.UARTvprintf)
    i.UARTwrite                              0x00002058   Section        0  uartstdio.o(i.UARTwrite)
    i._SlAsyncEventGenericHandler            0x000020e8   Section        0  driver.o(i._SlAsyncEventGenericHandler)
    i._SlDrvBasicCmd                         0x000023c8   Section        0  driver.o(i._SlDrvBasicCmd)
    i._SlDrvClassifyRxMsg                    0x000023f0   Section        0  driver.o(i._SlDrvClassifyRxMsg)
    i._SlDrvCmdOp                            0x00002478   Section        0  driver.o(i._SlDrvCmdOp)
    i._SlDrvCmdSend                          0x000024cc   Section        0  driver.o(i._SlDrvCmdSend)
    i._SlDrvDataReadOp                       0x000024e8   Section        0  driver.o(i._SlDrvDataReadOp)
    i._SlDrvDataWriteOp                      0x00002638   Section        0  driver.o(i._SlDrvDataWriteOp)
    i._SlDrvDeviceEventHandler               0x0000274c   Section        0  device.o(i._SlDrvDeviceEventHandler)
    i._SlDrvDriverCBDeinit                   0x00002768   Section        0  driver.o(i._SlDrvDriverCBDeinit)
    i._SlDrvDriverCBInit                     0x000027c8   Section        0  driver.o(i._SlDrvDriverCBInit)
    i._SlDrvFlowContDeinit                   0x00002858   Section        0  flowcont.o(i._SlDrvFlowContDeinit)
    i._SlDrvFlowContInit                     0x00002884   Section        0  flowcont.o(i._SlDrvFlowContInit)
    i._SlDrvMsgRead                          0x000028b4   Section        0  driver.o(i._SlDrvMsgRead)
    i._SlDrvMsgReadCmdCtx                    0x00002c00   Section        0  driver.o(i._SlDrvMsgReadCmdCtx)
    i._SlDrvMsgReadSpawnCtx                  0x00002ca4   Section        0  driver.o(i._SlDrvMsgReadSpawnCtx)
    i._SlDrvMsgWrite                         0x00002d2c   Section        0  driver.o(i._SlDrvMsgWrite)
    i._SlDrvNetAppEventHandler               0x00002e1c   Section        0  netapp.o(i._SlDrvNetAppEventHandler)
    i._SlDrvObjDeInit                        0x00002ee4   Section        0  driver.o(i._SlDrvObjDeInit)
    i._SlDrvObjInit                          0x00002efc   Section        0  driver.o(i._SlDrvObjInit)
    i._SlDrvReleasePoolObj                   0x00002f38   Section        0  driver.o(i._SlDrvReleasePoolObj)
    i._SlDrvRxHdrRead                        0x0000301c   Section        0  driver.o(i._SlDrvRxHdrRead)
    i._SlDrvRxIrqHandler                     0x00003148   Section        0  driver.o(i._SlDrvRxIrqHandler)
    i._SlDrvShiftDWord                       0x00003184   Section        0  driver.o(i._SlDrvShiftDWord)
    i._SlDrvWaitForPoolObj                   0x0000319c   Section        0  driver.o(i._SlDrvWaitForPoolObj)
    i._SlFindAndSetActiveObj                 0x000032a0   Section        0  driver.o(i._SlFindAndSetActiveObj)
    i._SlNonOsMainLoopTask                   0x00003334   Section        0  nonos.o(i._SlNonOsMainLoopTask)
    i._SlNonOsSemGet                         0x00003374   Section        0  nonos.o(i._SlNonOsSemGet)
    i._SlNonOsSemSet                         0x000033a6   Section        0  nonos.o(i._SlNonOsSemSet)
    i._SlNonOsSpawn                          0x000033ac   Section        0  nonos.o(i._SlNonOsSpawn)
    i._SlRemoveFromList                      0x000033d0   Section        0  driver.o(i._SlRemoveFromList)
    i._TimerIntNumberGet                     0x00003428   Section        0  timer.o(i._TimerIntNumberGet)
    _TimerIntNumberGet                       0x00003429   Thumb Code    62  timer.o(i._TimerIntNumberGet)
    i.__hardfp_atof                          0x00003478   Section        0  atof.o(i.__hardfp_atof)
    i.__read_errno                           0x000034b0   Section        0  errno.o(i.__read_errno)
    i.__scatterload_copy                     0x000034bc   Section       14  handlers.o(i.__scatterload_copy)
    i.__scatterload_null                     0x000034ca   Section        2  handlers.o(i.__scatterload_null)
    i.__scatterload_zeroinit                 0x000034cc   Section       14  handlers.o(i.__scatterload_zeroinit)
    i.__set_errno                            0x000034dc   Section        0  errno.o(i.__set_errno)
    i._is_digit                              0x000034e8   Section        0  scanf_fp.o(i._is_digit)
    i._sl_BuildAddress                       0x000034f6   Section        0  socket.o(i._sl_BuildAddress)
    i._sl_HandleAsync_Accept                 0x0000351c   Section        0  socket.o(i._sl_HandleAsync_Accept)
    i._sl_HandleAsync_Connect                0x00003590   Section        0  socket.o(i._sl_HandleAsync_Connect)
    i._sl_HandleAsync_DnsGetHostByName       0x0000360c   Section        0  netapp.o(i._sl_HandleAsync_DnsGetHostByName)
    i._sl_HandleAsync_DnsGetHostByService    0x00003680   Section        0  netapp.o(i._sl_HandleAsync_DnsGetHostByService)
    i._sl_HandleAsync_InitComplete           0x000036ec   Section        0  device.o(i._sl_HandleAsync_InitComplete)
    i._sl_HandleAsync_PingResponse           0x00003770   Section        0  netapp.o(i._sl_HandleAsync_PingResponse)
    i._sl_HandleAsync_Select                 0x000037f0   Section        0  socket.o(i._sl_HandleAsync_Select)
    i._sl_HandleAsync_Stop                   0x00003854   Section        0  device.o(i._sl_HandleAsync_Stop)
    i._sl_TruncatePayloadByProtocol          0x000038b4   Section        0  socket.o(i._sl_TruncatePayloadByProtocol)
    i.commandList                            0x00003908   Section        0  st7735.o(i.commandList)
    commandList                              0x00003909   Thumb Code    82  st7735.o(i.commandList)
    i.commonInit                             0x0000395c   Section        0  st7735.o(i.commonInit)
    commonInit                               0x0000395d   Thumb Code   272  st7735.o(i.commonInit)
    i.configureSimpleLinkToDefaultState      0x00003a94   Section        0  main.o(i.configureSimpleLinkToDefaultState)
    configureSimpleLinkToDefaultState        0x00003a95   Thumb Code   252  main.o(i.configureSimpleLinkToDefaultState)
    i.confirmAlarm                           0x00003ba4   Section        0  clock.o(i.confirmAlarm)
    i.confirmTime                            0x00003bc0   Section        0  clock.o(i.confirmTime)
    i.drawDigital                            0x00003be8   Section        0  clock.o(i.drawDigital)
    i.draw_Temp                              0x00003c70   Section        0  clock.o(i.draw_Temp)
    i.initClk                                0x00003d08   Section        0  board.o(i.initClk)
    i.main                                   0x00003d20   Section        0  main.o(i.main)
    i.parse_time                             0x00003eb8   Section        0  main.o(i.parse_time)
    i.placeHolder                            0x00003ed6   Section        0  clock.o(i.placeHolder)
    i.pushColor                              0x00003ed8   Section        0  st7735.o(i.pushColor)
    pushColor                                0x00003ed9   Thumb Code    20  st7735.o(i.pushColor)
    i.registerInterruptHandler               0x00003eec   Section        0  board.o(i.registerInterruptHandler)
    i.screen_Init                            0x00003ef8   Section        0  screen.o(i.screen_Init)
    i.setAddrWindow                          0x00003f0c   Section        0  st7735.o(i.setAddrWindow)
    setAddrWindow                            0x00003f0d   Thumb Code   102  st7735.o(i.setAddrWindow)
    i.setAlarm                               0x00003f78   Section        0  clock.o(i.setAlarm)
    i.setHourUp                              0x00003f94   Section        0  clock.o(i.setHourUp)
    i.setMinuteUp                            0x00003fb8   Section        0  clock.o(i.setMinuteUp)
    i.setTime                                0x00003fdc   Section        0  clock.o(i.setTime)
    i.sl_Close                               0x00004004   Section        0  socket.o(i.sl_Close)
    i.sl_Connect                             0x00004024   Section        0  socket.o(i.sl_Connect)
    i.sl_DevGet                              0x00004110   Section        0  device.o(i.sl_DevGet)
    i.sl_Htonl                               0x00004180   Section        0  socket.o(i.sl_Htonl)
    i.sl_Htons                               0x000041a8   Section        0  socket.o(i.sl_Htons)
    i.sl_NetAppDnsGetHostByName              0x000041d8   Section        0  netapp.o(i.sl_NetAppDnsGetHostByName)
    i.sl_NetAppMDNSRegisterUnregisterService 0x000042b0   Section        0  netapp.o(i.sl_NetAppMDNSRegisterUnregisterService)
    i.sl_NetAppMDNSUnRegisterService         0x0000432c   Section        0  netapp.o(i.sl_NetAppMDNSUnRegisterService)
    i.sl_NetAppSendTokenValue                0x00004340   Section        0  netapp.o(i.sl_NetAppSendTokenValue)
    i.sl_NetCfgSet                           0x00004390   Section        0  netcfg.o(i.sl_NetCfgSet)
    i.sl_Recv                                0x000043d0   Section        0  socket.o(i.sl_Recv)
    i.sl_Send                                0x00004410   Section        0  socket.o(i.sl_Send)
    i.sl_Socket                              0x000044bc   Section        0  socket.o(i.sl_Socket)
    i.sl_Start                               0x000044ec   Section        0  device.o(i.sl_Start)
    i.sl_Stop                                0x000045a4   Section        0  device.o(i.sl_Stop)
    i.sl_WlanConnect                         0x0000466c   Section        0  wlan.o(i.sl_WlanConnect)
    i.sl_WlanDisconnect                      0x00004810   Section        0  wlan.o(i.sl_WlanDisconnect)
    i.sl_WlanPolicySet                       0x00004818   Section        0  wlan.o(i.sl_WlanPolicySet)
    i.sl_WlanProfileDel                      0x00004850   Section        0  wlan.o(i.sl_WlanProfileDel)
    i.sl_WlanSet                             0x00004870   Section        0  wlan.o(i.sl_WlanSet)
    i.sl_WlanSetMode                         0x000048b0   Section        0  wlan.o(i.sl_WlanSetMode)
    i.spi_Close                              0x000048d0   Section        0  spi.o(i.spi_Close)
    i.spi_Open                               0x000048dc   Section        0  spi.o(i.spi_Open)
    i.spi_Read                               0x000049cc   Section        0  spi.o(i.spi_Read)
    i.spi_Write                              0x00004a24   Section        0  spi.o(i.spi_Write)
    i.startSound                             0x00004a78   Section        0  sound.o(i.startSound)
    i.stopSound                              0x00004a84   Section        0  sound.o(i.stopSound)
    i.toggleAlarm                            0x00004a90   Section        0  clock.o(i.toggleAlarm)
    i.toggleWeather                          0x00004aa4   Section        0  clock.o(i.toggleWeather)
    i.update                                 0x00004ab8   Section        0  clock.o(i.update)
    i.writecommand                           0x00004bb4   Section        0  st7735.o(i.writecommand)
    writecommand                             0x00004bb5   Thumb Code    28  st7735.o(i.writecommand)
    i.writedata                              0x00004bd4   Section        0  st7735.o(i.writedata)
    writedata                                0x00004bd5   Thumb Code    22  st7735.o(i.writedata)
    .constdata                               0x00004bf0   Section      325  main.o(.constdata)
    .constdata                               0x00004d36   Section       20  device.o(.constdata)
    .constdata                               0x00004d4c   Section       72  driver.o(.constdata)
    .constdata                               0x00004d94   Section       40  netapp.o(.constdata)
    .constdata                               0x00004dbc   Section        8  netcfg.o(.constdata)
    .constdata                               0x00004dc4   Section       48  socket.o(.constdata)
    .constdata                               0x00004df4   Section       52  wlan.o(.constdata)
    .constdata                               0x00004e28   Section       40  uartstdio.o(.constdata)
    g_pcHex                                  0x00004e28   Data           4  uartstdio.o(.constdata)
    g_ui32UARTBase                           0x00004e2c   Data          12  uartstdio.o(.constdata)
    g_ui32UARTInt                            0x00004e38   Data          12  uartstdio.o(.constdata)
    g_ui32UARTPeriph                         0x00004e44   Data          12  uartstdio.o(.constdata)
    .constdata                               0x00004e50   Section     2018  st7735.o(.constdata)
    Font                                     0x00004e50   Data        1275  st7735.o(.constdata)
    Bcmd                                     0x0000534b   Data         103  st7735.o(.constdata)
    Rcmd1                                    0x000053b2   Data          59  st7735.o(.constdata)
    Rcmd2green                               0x000053ed   Data          13  st7735.o(.constdata)
    Rcmd2red                                 0x000053fa   Data          13  st7735.o(.constdata)
    Rcmd3                                    0x00005407   Data          43  st7735.o(.constdata)
    .constdata                               0x00005634   Section      160  timer.o(.constdata)
    g_ppui32TimerIntMap                      0x00005634   Data          96  timer.o(.constdata)
    g_ppui32TimerIntMapSnowflake             0x00005694   Data          64  timer.o(.constdata)
    .constdata                               0x000056d4   Section      528  gpio.o(.constdata)
    g_ppui32GPIOIntMapBlizzard               0x000056d4   Data         192  gpio.o(.constdata)
    g_ppui32GPIOIntMapSnowflake              0x00005794   Data         192  gpio.o(.constdata)
    g_pui32GPIOBaseAddrs                     0x00005854   Data         144  gpio.o(.constdata)
    .constdata                               0x000058e4   Section      268  interrupt.o(.constdata)
    g_pui32Priority                          0x000058e4   Data          32  interrupt.o(.constdata)
    g_pui32Regs                              0x00005904   Data         156  interrupt.o(.constdata)
    g_pui32EnRegs                            0x000059a0   Data          20  interrupt.o(.constdata)
    g_pui32Dii16Regs                         0x000059b4   Data          20  interrupt.o(.constdata)
    g_pui32PendRegs                          0x000059c8   Data          20  interrupt.o(.constdata)
    g_pui32UnpendRegs                        0x000059dc   Data          20  interrupt.o(.constdata)
    .constdata                               0x000059f0   Section      452  sysctl.o(.constdata)
    g_pui32VCOFrequencies                    0x000059f0   Data           8  sysctl.o(.constdata)
    g_pui32Xtals                             0x000059f8   Data         108  sysctl.o(.constdata)
    g_pppui32XTALtoVCO                       0x00005a64   Data         288  sysctl.o(.constdata)
    g_sXTALtoMEMTIM                          0x00005b84   Data          48  sysctl.o(.constdata)
    .constdata                               0x00005bb4   Section       64  ctype_c.o(.constdata)
    .conststring                             0x00005bf4   Section       17  uartstdio.o(.conststring)
    .data                                    0x20000000   Section       28  main.o(.data)
    .data                                    0x20000020   Section        8  main.o(.data)
    .data                                    0x20000028   Section        8  board.o(.data)
    .data                                    0x20000030   Section        4  driver.o(.data)
    .data                                    0x20000034   Section        4  driver.o(.data)
    .data                                    0x20000038   Section       28  uartstdio.o(.data)
    bLastWasCR                               0x20000038   Data           1  uartstdio.o(.data)
    g_bDisableEcho                           0x20000039   Data           1  uartstdio.o(.data)
    g_ui32UARTTxWriteIndex                   0x2000003c   Data           4  uartstdio.o(.data)
    g_ui32UARTTxReadIndex                    0x20000040   Data           4  uartstdio.o(.data)
    g_ui32UARTRxWriteIndex                   0x20000044   Data           4  uartstdio.o(.data)
    g_ui32UARTRxReadIndex                    0x20000048   Data           4  uartstdio.o(.data)
    g_ui32Base                               0x2000004c   Data           4  uartstdio.o(.data)
    g_ui32PortNum                            0x20000050   Data           4  uartstdio.o(.data)
    .data                                    0x20000054   Section       44  st7735.o(.data)
    ColStart                                 0x20000054   Data           1  st7735.o(.data)
    RowStart                                 0x20000055   Data           1  st7735.o(.data)
    Rotation                                 0x20000056   Data           1  st7735.o(.data)
    TabColor                                 0x20000057   Data           1  st7735.o(.data)
    _width                                   0x2000005a   Data           2  st7735.o(.data)
    _height                                  0x2000005c   Data           2  st7735.o(.data)
    .data                                    0x20000080   Section      464  clock.o(.data)
    .data                                    0x20000250   Section        4  errno.o(.data)
    _errno                                   0x20000250   Data           4  errno.o(.data)
    vtable                                   0x20000400   Section      620  interrupt.o(vtable)
    g_pfnRAMVectors                          0x20000400   Data         620  interrupt.o(vtable)
    .bss                                     0x2000066c   Section     1576  main.o(.bss)
    .bss                                     0x20000c94   Section      356  driver.o(.bss)
    .bss                                     0x20000df8   Section       40  nonos.o(.bss)
    .bss                                     0x20000e20   Section     1152  uartstdio.o(.bss)
    g_pcUARTTxBuffer                         0x20000e20   Data        1024  uartstdio.o(.bss)
    g_pcUARTRxBuffer                         0x20001220   Data         128  uartstdio.o(.bss)
    .bss                                     0x200012a0   Section       28  clock.o(.bss)
    STACK                                    0x200012c0   Section    16384  startup_rvmdk.o(STACK)
    StackMem                                 0x200012c0   Data           0  startup_rvmdk.o(STACK)

    Global Symbols

    Symbol Name                              Value     Ov Type        Size  Object(Section)

    BuildAttributes$$THM_ISAv4$E$P$D$K$B$S$7EM$VFPi3$EXTD16$VFPS$VFMA$PE$A:L22UL41UL21$X:L11$S22US41US21$IEEE1$IW$USESV6$~STKCKD$USESV7$~SHL$OTIME$ROPI$IEEEJ$EBA8$MICROLIB$REQ8$PRES8$EABIv2 0x00000000   Number         0  anon$$obj.o ABSOLUTE
    __ARM_use_no_argv                        0x00000000   Number         0  main.o ABSOLUTE
    __Vectors                                0x00000000   Data           0  startup_rvmdk.o(RESET)
    _printf_a                                0x00000000   Number         0  stubs.o ABSOLUTE
    _printf_c                                0x00000000   Number         0  stubs.o ABSOLUTE
    _printf_charcount                        0x00000000   Number         0  stubs.o ABSOLUTE
    _printf_d                                0x00000000   Number         0  stubs.o ABSOLUTE
    _printf_e                                0x00000000   Number         0  stubs.o ABSOLUTE
    _printf_f                                0x00000000   Number         0  stubs.o ABSOLUTE
    _printf_flags                            0x00000000   Number         0  stubs.o ABSOLUTE
    _printf_fp_dec                           0x00000000   Number         0  stubs.o ABSOLUTE
    _printf_fp_hex                           0x00000000   Number         0  stubs.o ABSOLUTE
    _printf_g                                0x00000000   Number         0  stubs.o ABSOLUTE
    _printf_i                                0x00000000   Number         0  stubs.o ABSOLUTE
    _printf_int_dec                          0x00000000   Number         0  stubs.o ABSOLUTE
    _printf_l                                0x00000000   Number         0  stubs.o ABSOLUTE
    _printf_lc                               0x00000000   Number         0  stubs.o ABSOLUTE
    _printf_ll                               0x00000000   Number         0  stubs.o ABSOLUTE
    _printf_lld                              0x00000000   Number         0  stubs.o ABSOLUTE
    _printf_lli                              0x00000000   Number         0  stubs.o ABSOLUTE
    _printf_llo                              0x00000000   Number         0  stubs.o ABSOLUTE
    _printf_llu                              0x00000000   Number         0  stubs.o ABSOLUTE
    _printf_llx                              0x00000000   Number         0  stubs.o ABSOLUTE
    _printf_longlong_dec                     0x00000000   Number         0  stubs.o ABSOLUTE
    _printf_longlong_hex                     0x00000000   Number         0  stubs.o ABSOLUTE
    _printf_longlong_oct                     0x00000000   Number         0  stubs.o ABSOLUTE
    _printf_ls                               0x00000000   Number         0  stubs.o ABSOLUTE
    _printf_mbtowc                           0x00000000   Number         0  stubs.o ABSOLUTE
    _printf_n                                0x00000000   Number         0  stubs.o ABSOLUTE
    _printf_o                                0x00000000   Number         0  stubs.o ABSOLUTE
    _printf_p                                0x00000000   Number         0  stubs.o ABSOLUTE
    _printf_percent                          0x00000000   Number         0  stubs.o ABSOLUTE
    _printf_pre_padding                      0x00000000   Number         0  stubs.o ABSOLUTE
    _printf_return_value                     0x00000000   Number         0  stubs.o ABSOLUTE
    _printf_s                                0x00000000   Number         0  stubs.o ABSOLUTE
    _printf_sizespec                         0x00000000   Number         0  stubs.o ABSOLUTE
    _printf_str                              0x00000000   Number         0  stubs.o ABSOLUTE
    _printf_truncate_signed                  0x00000000   Number         0  stubs.o ABSOLUTE
    _printf_truncate_unsigned                0x00000000   Number         0  stubs.o ABSOLUTE
    _printf_u                                0x00000000   Number         0  stubs.o ABSOLUTE
    _printf_wc                               0x00000000   Number         0  stubs.o ABSOLUTE
    _printf_wctomb                           0x00000000   Number         0  stubs.o ABSOLUTE
    _printf_widthprec                        0x00000000   Number         0  stubs.o ABSOLUTE
    _printf_x                                0x00000000   Number         0  stubs.o ABSOLUTE
    __cpp_initialize__aeabi_                  - Undefined Weak Reference
    __cxa_finalize                            - Undefined Weak Reference
    _clock_init                               - Undefined Weak Reference
    _microlib_exit                            - Undefined Weak Reference
    Reset_Handler                            0x0000026d   Thumb Code     0  startup_rvmdk.o(RESET)
    DisableInterrupts                        0x00000287   Thumb Code     0  startup_rvmdk.o(RESET)
    EnableInterrupts                         0x0000028b   Thumb Code     0  startup_rvmdk.o(RESET)
    StartCritical                            0x0000028f   Thumb Code     0  startup_rvmdk.o(RESET)
    EndCritical                              0x00000297   Thumb Code     0  startup_rvmdk.o(RESET)
    WaitForInterrupt                         0x0000029d   Thumb Code     0  startup_rvmdk.o(RESET)
    __main                                   0x000002a1   Thumb Code     0  entry.o(.ARM.Collect$$$$00000000)
    _main_stk                                0x000002a1   Thumb Code     0  entry2.o(.ARM.Collect$$$$00000001)
    _main_scatterload                        0x000002a5   Thumb Code     0  entry5.o(.ARM.Collect$$$$00000004)
    __main_after_scatterload                 0x000002a9   Thumb Code     0  entry5.o(.ARM.Collect$$$$00000004)
    _main_clock                              0x000002a9   Thumb Code     0  entry7b.o(.ARM.Collect$$$$00000008)
    _main_cpp_init                           0x000002a9   Thumb Code     0  entry8b.o(.ARM.Collect$$$$0000000A)
    _main_init                               0x000002a9   Thumb Code     0  entry9a.o(.ARM.Collect$$$$0000000B)
    __rt_final_cpp                           0x000002b1   Thumb Code     0  entry10a.o(.ARM.Collect$$$$0000000D)
    __rt_final_exit                          0x000002b1   Thumb Code     0  entry11a.o(.ARM.Collect$$$$0000000F)
    SysCtlDelay                              0x000002b5   Thumb Code     6  sysctl.o(.emb_text)
    CPUcpsid                                 0x000002bd   Thumb Code     8  cpu.o(.emb_text)
    CPUprimask                               0x000002c5   Thumb Code     6  cpu.o(.emb_text)
    CPUcpsie                                 0x000002cb   Thumb Code     8  cpu.o(.emb_text)
    CPUwfi                                   0x000002d3   Thumb Code     4  cpu.o(.emb_text)
    CPUbasepriSet                            0x000002d7   Thumb Code     6  cpu.o(.emb_text)
    CPUbasepriGet                            0x000002dd   Thumb Code     6  cpu.o(.emb_text)
    __aeabi_memcpy                           0x000002e3   Thumb Code    36  memcpya.o(.text)
    __aeabi_memcpy4                          0x000002e3   Thumb Code     0  memcpya.o(.text)
    __aeabi_memcpy8                          0x000002e3   Thumb Code     0  memcpya.o(.text)
    __aeabi_memset                           0x00000307   Thumb Code    14  memseta.o(.text)
    __aeabi_memset4                          0x00000307   Thumb Code     0  memseta.o(.text)
    __aeabi_memset8                          0x00000307   Thumb Code     0  memseta.o(.text)
    __aeabi_memclr                           0x00000315   Thumb Code     4  memseta.o(.text)
    __aeabi_memclr4                          0x00000315   Thumb Code     0  memseta.o(.text)
    __aeabi_memclr8                          0x00000315   Thumb Code     0  memseta.o(.text)
    _memset$wrapper                          0x00000319   Thumb Code    18  memseta.o(.text)
    strstr                                   0x0000032b   Thumb Code    36  strstr.o(.text)
    strlen                                   0x0000034f   Thumb Code    14  strlen.o(.text)
    strcpy                                   0x0000035d   Thumb Code    18  strcpy.o(.text)
    __aeabi_dmul                             0x0000036f   Thumb Code   228  dmul.o(.text)
    __aeabi_d2iz                             0x00000453   Thumb Code    62  dfixi.o(.text)
    __aeabi_llsl                             0x00000491   Thumb Code    30  llshl.o(.text)
    _ll_shift_l                              0x00000491   Thumb Code     0  llshl.o(.text)
    __aeabi_llsr                             0x000004af   Thumb Code    32  llushr.o(.text)
    _ll_ushift_r                             0x000004af   Thumb Code     0  llushr.o(.text)
    __strtod_int                             0x00000507   Thumb Code    88  strtod.o(.text)
    __I$use$fp                               0x0000056d   Thumb Code     0  iusefp.o(.text)
    _double_round                            0x0000056d   Thumb Code    26  depilogue.o(.text)
    _double_epilogue                         0x00000587   Thumb Code   164  depilogue.o(.text)
    __aeabi_ddiv                             0x0000062b   Thumb Code   222  ddiv.o(.text)
    __scatterload                            0x00000709   Thumb Code    28  init.o(.text)
    __scatterload_rt2                        0x00000709   Thumb Code     0  init.o(.text)
    isspace                                  0x0000072d   Thumb Code    10  isspace_c.o(.text)
    _scanf_real                              0x00000839   Thumb Code     0  scanf_fp.o(.text)
    _scanf_really_real                       0x00000839   Thumb Code   560  scanf_fp.o(.text)
    _sgetc                                   0x00000a75   Thumb Code    30  _sgetc.o(.text)
    _sbackspace                              0x00000a93   Thumb Code    34  _sgetc.o(.text)
    __ctype_lookup                           0x00000ab5   Thumb Code    34  ctype_c.o(.text)
    __aeabi_ul2d                             0x00000add   Thumb Code    24  dfltul.o(.text)
    __aeabi_d2f                              0x00000af5   Thumb Code    56  d2f.o(.text)
    _float_round                             0x00000b2d   Thumb Code    18  fepilogue.o(.text)
    _float_epilogue                          0x00000b3f   Thumb Code    90  fepilogue.o(.text)
    __decompress                             0x00000b99   Thumb Code     0  __dczerorl2.o(.text)
    __decompress1                            0x00000b99   Thumb Code    92  __dczerorl2.o(.text)
    ADC0_InitSWTriggerSeq3_Ch9               0x00000bf5   Thumb Code   156  adcswtrigger.o(i.ADC0_InitSWTriggerSeq3_Ch9)
    Board_Input                              0x00000ca9   Thumb Code    16  led.o(i.Board_Input)
    CC3100_InterruptDisable                  0x00000cbd   Thumb Code     8  board.o(i.CC3100_InterruptDisable)
    CC3100_InterruptEnable                   0x00000cc9   Thumb Code     8  board.o(i.CC3100_InterruptEnable)
    CC3100_disable                           0x00000cd5   Thumb Code    10  board.o(i.CC3100_disable)
    CC3100_enable                            0x00000ce5   Thumb Code    10  board.o(i.CC3100_enable)
    Clock_Init                               0x00000cf5   Thumb Code    22  clock.o(i.Clock_Init)
    Clock_wait                               0x00000d15   Thumb Code   100  clock.o(i.Clock_wait)
    Connection                               0x00000d81   Thumb Code    86  main.o(i.Connection)
    CopyPingResultsToReport                  0x00000df9   Thumb Code    26  netapp.o(i.CopyPingResultsToReport)
    Crash                                    0x00000e13   Thumb Code    18  main.o(i.Crash)
    Delay1ms                                 0x00000e25   Thumb Code    26  st7735.o(i.Delay1ms)
    FPUEnable                                0x00000e41   Thumb Code    12  fpu.o(i.FPUEnable)
    FPULazyStackingEnable                    0x00000e51   Thumb Code    12  fpu.o(i.FPULazyStackingEnable)
    GPIOB_intHandler                         0x00000e61   Thumb Code    44  board.o(i.GPIOB_intHandler)
    GPIODirModeSet                           0x00000e95   Thumb Code    40  gpio.o(i.GPIODirModeSet)
    GPIOIntClear                             0x00000ebd   Thumb Code     6  gpio.o(i.GPIOIntClear)
    GPIOIntDisable                           0x00000ec3   Thumb Code    14  gpio.o(i.GPIOIntDisable)
    GPIOIntEnable                            0x00000ed1   Thumb Code    14  gpio.o(i.GPIOIntEnable)
    GPIOIntStatus                            0x00000edf   Thumb Code    14  gpio.o(i.GPIOIntStatus)
    GPIOIntTypeSet                           0x00000eed   Thumb Code    80  gpio.o(i.GPIOIntTypeSet)
    GPIOPadConfigSet                         0x00000f3d   Thumb Code   314  gpio.o(i.GPIOPadConfigSet)
    GPIOPinConfigure                         0x00001079   Thumb Code    64  gpio.o(i.GPIOPinConfigure)
    GPIOPinTypeGPIOInput                     0x000010c1   Thumb Code    28  gpio.o(i.GPIOPinTypeGPIOInput)
    GPIOPinTypeGPIOOutput                    0x000010dd   Thumb Code    28  gpio.o(i.GPIOPinTypeGPIOOutput)
    GPIOPinTypeSSI                           0x000010f9   Thumb Code    28  gpio.o(i.GPIOPinTypeSSI)
    GPIOPinTypeUART                          0x00001115   Thumb Code    28  gpio.o(i.GPIOPinTypeUART)
    GPIOPinWrite                             0x00001131   Thumb Code     6  gpio.o(i.GPIOPinWrite)
    GetStartResponseConvert                  0x00001137   Thumb Code    68  device.o(i.GetStartResponseConvert)
    IntEnable                                0x0000117d   Thumb Code    92  interrupt.o(i.IntEnable)
    IntMasterEnable                          0x000011e1   Thumb Code    14  interrupt.o(i.IntMasterEnable)
    IntRegister                              0x000011f1   Thumb Code    44  interrupt.o(i.IntRegister)
    LED_GreenOff                             0x00001251   Thumb Code     8  led.o(i.LED_GreenOff)
    LED_GreenOn                              0x0000125d   Thumb Code     8  led.o(i.LED_GreenOn)
    LED_Init                                 0x00001269   Thumb Code   178  led.o(i.LED_Init)
    LED_RedToggle                            0x00001341   Thumb Code    12  led.o(i.LED_RedToggle)
    Parse_Buffer                             0x00001351   Thumb Code    22  screen.o(i.Parse_Buffer)
    SSIConfigSetExpClk                       0x00001375   Thumb Code    74  ssi.o(i.SSIConfigSetExpClk)
    SSIDataGetNonBlocking                    0x000013bf   Thumb Code    20  ssi.o(i.SSIDataGetNonBlocking)
    SSIDataPutNonBlocking                    0x000013d3   Thumb Code    16  ssi.o(i.SSIDataPutNonBlocking)
    SSIEnable                                0x000013e3   Thumb Code    10  ssi.o(i.SSIEnable)
    ST7735_DrawChar                          0x000013ed   Thumb Code   192  st7735.o(i.ST7735_DrawChar)
    ST7735_DrawCharS                         0x000014b5   Thumb Code   178  st7735.o(i.ST7735_DrawCharS)
    ST7735_DrawPixel                         0x00001571   Thumb Code    54  st7735.o(i.ST7735_DrawPixel)
    ST7735_DrawString                        0x000015ad   Thumb Code    82  st7735.o(i.ST7735_DrawString)
    ST7735_FillRect                          0x00001601   Thumb Code   116  st7735.o(i.ST7735_FillRect)
    ST7735_FillScreen                        0x00001679   Thumb Code    24  st7735.o(i.ST7735_FillScreen)
    ST7735_InitR                             0x00001695   Thumb Code    94  st7735.o(i.ST7735_InitR)
    ST7735_SetCursor                         0x000016fd   Thumb Code    16  st7735.o(i.ST7735_SetCursor)
    Set_Time                                 0x00001711   Thumb Code    50  main.o(i.Set_Time)
    SimpleLinkHttpServerCallback             0x00001751   Thumb Code     6  main.o(i.SimpleLinkHttpServerCallback)
    SimpleLinkNetAppEventHandler             0x0000177d   Thumb Code    24  main.o(i.SimpleLinkNetAppEventHandler)
    SimpleLinkWlanEventHandler               0x000017bd   Thumb Code    50  main.o(i.SimpleLinkWlanEventHandler)
    Sound_Init                               0x0000188d   Thumb Code     2  sound.o(i.Sound_Init)
    SysCtlClockGet                           0x00001891   Thumb Code   314  sysctl.o(i.SysCtlClockGet)
    SysCtlClockSet                           0x000019f5   Thumb Code   270  sysctl.o(i.SysCtlClockSet)
    SysCtlPeripheralEnable                   0x00001b15   Thumb Code    36  sysctl.o(i.SysCtlPeripheralEnable)
    Time_Init                                0x00001b3d   Thumb Code    18  timer.o(i.Time_Init)
    Timer2A_Handler                          0x00001b51   Thumb Code     8  timer.o(i.Timer2A_Handler)
    Timer2_Init                              0x00001b5d   Thumb Code    68  timer.o(i.Timer2_Init)
    TimerIntRegister                         0x00001bb9   Thumb Code    26  timer.o(i.TimerIntRegister)
    UARTFlushRx                              0x00001bd5   Thumb Code    36  uartstdio.o(i.UARTFlushRx)
    UARTFlushTx                              0x00001bfd   Thumb Code    52  uartstdio.o(i.UARTFlushTx)
    UARTStdioConfig                          0x00001cad   Thumb Code   142  uartstdio.o(i.UARTStdioConfig)
    UARTStdioIntHandler                      0x00001d45   Thumb Code   248  uartstdio.o(i.UARTStdioIntHandler)
    UART_Init                                0x00001e4d   Thumb Code    54  main.o(i.UART_Init)
    UARTprintf                               0x00001e91   Thumb Code    18  uartstdio.o(i.UARTprintf)
    UARTvprintf                              0x00001ea5   Thumb Code   420  uartstdio.o(i.UARTvprintf)
    UARTwrite                                0x00002059   Thumb Code   134  uartstdio.o(i.UARTwrite)
    _SlAsyncEventGenericHandler              0x000020e9   Thumb Code   732  driver.o(i._SlAsyncEventGenericHandler)
    _SlDrvBasicCmd                           0x000023c9   Thumb Code    40  driver.o(i._SlDrvBasicCmd)
    _SlDrvClassifyRxMsg                      0x000023f1   Thumb Code   114  driver.o(i._SlDrvClassifyRxMsg)
    _SlDrvCmdOp                              0x00002479   Thumb Code    80  driver.o(i._SlDrvCmdOp)
    _SlDrvCmdSend                            0x000024cd   Thumb Code    24  driver.o(i._SlDrvCmdSend)
    _SlDrvDataReadOp                         0x000024e9   Thumb Code   326  driver.o(i._SlDrvDataReadOp)
    _SlDrvDataWriteOp                        0x00002639   Thumb Code   272  driver.o(i._SlDrvDataWriteOp)
    _SlDrvDeviceEventHandler                 0x0000274d   Thumb Code    26  device.o(i._SlDrvDeviceEventHandler)
    _SlDrvDriverCBDeinit                     0x00002769   Thumb Code    92  driver.o(i._SlDrvDriverCBDeinit)
    _SlDrvDriverCBInit                       0x000027c9   Thumb Code   134  driver.o(i._SlDrvDriverCBInit)
    _SlDrvFlowContDeinit                     0x00002859   Thumb Code    40  flowcont.o(i._SlDrvFlowContDeinit)
    _SlDrvFlowContInit                       0x00002885   Thumb Code    42  flowcont.o(i._SlDrvFlowContInit)
    _SlDrvMsgRead                            0x000028b5   Thumb Code   834  driver.o(i._SlDrvMsgRead)
    _SlDrvMsgReadCmdCtx                      0x00002c01   Thumb Code   156  driver.o(i._SlDrvMsgReadCmdCtx)
    _SlDrvMsgReadSpawnCtx                    0x00002ca5   Thumb Code   132  driver.o(i._SlDrvMsgReadSpawnCtx)
    _SlDrvMsgWrite                           0x00002d2d   Thumb Code   232  driver.o(i._SlDrvMsgWrite)
    _SlDrvNetAppEventHandler                 0x00002e1d   Thumb Code   198  netapp.o(i._SlDrvNetAppEventHandler)
    _SlDrvObjDeInit                          0x00002ee5   Thumb Code    18  driver.o(i._SlDrvObjDeInit)
    _SlDrvObjInit                            0x00002efd   Thumb Code    54  driver.o(i._SlDrvObjInit)
    _SlDrvReleasePoolObj                     0x00002f39   Thumb Code   222  driver.o(i._SlDrvReleasePoolObj)
    _SlDrvRxHdrRead                          0x0000301d   Thumb Code   282  driver.o(i._SlDrvRxHdrRead)
    _SlDrvRxIrqHandler                       0x00003149   Thumb Code    52  driver.o(i._SlDrvRxIrqHandler)
    _SlDrvShiftDWord                         0x00003185   Thumb Code    22  driver.o(i._SlDrvShiftDWord)
    _SlDrvWaitForPoolObj                     0x0000319d   Thumb Code   254  driver.o(i._SlDrvWaitForPoolObj)
    _SlFindAndSetActiveObj                   0x000032a1   Thumb Code   138  driver.o(i._SlFindAndSetActiveObj)
    _SlNonOsMainLoopTask                     0x00003335   Thumb Code    54  nonos.o(i._SlNonOsMainLoopTask)
    _SlNonOsSemGet                           0x00003375   Thumb Code    50  nonos.o(i._SlNonOsSemGet)
    _SlNonOsSemSet                           0x000033a7   Thumb Code     6  nonos.o(i._SlNonOsSemSet)
    _SlNonOsSpawn                            0x000033ad   Thumb Code    30  nonos.o(i._SlNonOsSpawn)
    _SlRemoveFromList                        0x000033d1   Thumb Code    84  driver.o(i._SlRemoveFromList)
    __hardfp_atof                            0x00003479   Thumb Code    44  atof.o(i.__hardfp_atof)
    __read_errno                             0x000034b1   Thumb Code     6  errno.o(i.__read_errno)
    __scatterload_copy                       0x000034bd   Thumb Code    14  handlers.o(i.__scatterload_copy)
    __scatterload_null                       0x000034cb   Thumb Code     2  handlers.o(i.__scatterload_null)
    __scatterload_zeroinit                   0x000034cd   Thumb Code    14  handlers.o(i.__scatterload_zeroinit)
    __set_errno                              0x000034dd   Thumb Code     6  errno.o(i.__set_errno)
    _is_digit                                0x000034e9   Thumb Code    14  scanf_fp.o(i._is_digit)
    _sl_BuildAddress                         0x000034f7   Thumb Code    38  socket.o(i._sl_BuildAddress)
    _sl_HandleAsync_Accept                   0x0000351d   Thumb Code   110  socket.o(i._sl_HandleAsync_Accept)
    _sl_HandleAsync_Connect                  0x00003591   Thumb Code   120  socket.o(i._sl_HandleAsync_Connect)
    _sl_HandleAsync_DnsGetHostByName         0x0000360d   Thumb Code   110  netapp.o(i._sl_HandleAsync_DnsGetHostByName)
    _sl_HandleAsync_DnsGetHostByService      0x00003681   Thumb Code   102  netapp.o(i._sl_HandleAsync_DnsGetHostByService)
    _sl_HandleAsync_InitComplete             0x000036ed   Thumb Code   126  device.o(i._sl_HandleAsync_InitComplete)
    _sl_HandleAsync_PingResponse             0x00003771   Thumb Code   120  netapp.o(i._sl_HandleAsync_PingResponse)
    _sl_HandleAsync_Select                   0x000037f1   Thumb Code    94  socket.o(i._sl_HandleAsync_Select)
    _sl_HandleAsync_Stop                     0x00003855   Thumb Code    90  device.o(i._sl_HandleAsync_Stop)
    _sl_TruncatePayloadByProtocol            0x000038b5   Thumb Code    84  socket.o(i._sl_TruncatePayloadByProtocol)
    confirmAlarm                             0x00003ba5   Thumb Code    18  clock.o(i.confirmAlarm)
    confirmTime                              0x00003bc1   Thumb Code    22  clock.o(i.confirmTime)
    drawDigital                              0x00003be9   Thumb Code   136  clock.o(i.drawDigital)
    draw_Temp                                0x00003c71   Thumb Code   140  clock.o(i.draw_Temp)
    initClk                                  0x00003d09   Thumb Code    20  board.o(i.initClk)
    main                                     0x00003d21   Thumb Code   296  main.o(i.main)
    parse_time                               0x00003eb9   Thumb Code    30  main.o(i.parse_time)
    placeHolder                              0x00003ed7   Thumb Code     2  clock.o(i.placeHolder)
    registerInterruptHandler                 0x00003eed   Thumb Code     8  board.o(i.registerInterruptHandler)
    screen_Init                              0x00003ef9   Thumb Code    18  screen.o(i.screen_Init)
    setAlarm                                 0x00003f79   Thumb Code    18  clock.o(i.setAlarm)
    setHourUp                                0x00003f95   Thumb Code    26  clock.o(i.setHourUp)
    setMinuteUp                              0x00003fb9   Thumb Code    26  clock.o(i.setMinuteUp)
    setTime                                  0x00003fdd   Thumb Code    22  clock.o(i.setTime)
    sl_Close                                 0x00004005   Thumb Code    26  socket.o(i.sl_Close)
    sl_Connect                               0x00004025   Thumb Code   224  socket.o(i.sl_Connect)
    sl_DevGet                                0x00004111   Thumb Code   104  device.o(i.sl_DevGet)
    sl_Htonl                                 0x00004181   Thumb Code    40  socket.o(i.sl_Htonl)
    sl_Htons                                 0x000041a9   Thumb Code    48  socket.o(i.sl_Htons)
    sl_NetAppDnsGetHostByName                0x000041d9   Thumb Code   202  netapp.o(i.sl_NetAppDnsGetHostByName)
    sl_NetAppMDNSRegisterUnregisterService   0x000042b1   Thumb Code   118  netapp.o(i.sl_NetAppMDNSRegisterUnregisterService)
    sl_NetAppMDNSUnRegisterService           0x0000432d   Thumb Code    18  netapp.o(i.sl_NetAppMDNSUnRegisterService)
    sl_NetAppSendTokenValue                  0x00004341   Thumb Code    74  netapp.o(i.sl_NetAppSendTokenValue)
    sl_NetCfgSet                             0x00004391   Thumb Code    58  netcfg.o(i.sl_NetCfgSet)
    sl_Recv                                  0x000043d1   Thumb Code    58  socket.o(i.sl_Recv)
    sl_Send                                  0x00004411   Thumb Code   162  socket.o(i.sl_Send)
    sl_Socket                                0x000044bd   Thumb Code    42  socket.o(i.sl_Socket)
    sl_Start                                 0x000044ed   Thumb Code   170  device.o(i.sl_Start)
    sl_Stop                                  0x000045a5   Thumb Code   186  device.o(i.sl_Stop)
    sl_WlanConnect                           0x0000466d   Thumb Code   414  wlan.o(i.sl_WlanConnect)
    sl_WlanDisconnect                        0x00004811   Thumb Code     8  wlan.o(i.sl_WlanDisconnect)
    sl_WlanPolicySet                         0x00004819   Thumb Code    52  wlan.o(i.sl_WlanPolicySet)
    sl_WlanProfileDel                        0x00004851   Thumb Code    26  wlan.o(i.sl_WlanProfileDel)
    sl_WlanSet                               0x00004871   Thumb Code    60  wlan.o(i.sl_WlanSet)
    sl_WlanSetMode                           0x000048b1   Thumb Code    26  wlan.o(i.sl_WlanSetMode)
    spi_Close                                0x000048d1   Thumb Code    10  spi.o(i.spi_Close)
    spi_Open                                 0x000048dd   Thumb Code   198  spi.o(i.spi_Open)
    spi_Read                                 0x000049cd   Thumb Code    78  spi.o(i.spi_Read)
    spi_Write                                0x00004a25   Thumb Code    76  spi.o(i.spi_Write)
    startSound                               0x00004a79   Thumb Code     8  sound.o(i.startSound)
    stopSound                                0x00004a85   Thumb Code     8  sound.o(i.stopSound)
    toggleAlarm                              0x00004a91   Thumb Code    16  clock.o(i.toggleAlarm)
    toggleWeather                            0x00004aa5   Thumb Code    16  clock.o(i.toggleWeather)
    update                                   0x00004ab9   Thumb Code   212  clock.o(i.update)
    _SlStopCmdCtrl                           0x00004d36   Data           4  device.o(.constdata)
    _SlEventMaskSetCmdCtrl                   0x00004d3a   Data           4  device.o(.constdata)
    _SlEventMaskGetCmdCtrl                   0x00004d3e   Data           4  device.o(.constdata)
    _SlDeviceGetCmdCtrl                      0x00004d42   Data           4  device.o(.constdata)
    _SlDeviceSetCmdCtrl                      0x00004d46   Data           4  device.o(.constdata)
    g_H2NSyncPattern                         0x00004d4c   Data           8  driver.o(.constdata)
    g_H2NCnysPattern                         0x00004d54   Data           8  driver.o(.constdata)
    _SlActionLookupTable                     0x00004d5c   Data          56  driver.o(.constdata)
    _SlNetAppStartCtrl                       0x00004d94   Data           4  netapp.o(.constdata)
    _SlNetAppStopCtrl                        0x00004d98   Data           4  netapp.o(.constdata)
    _SlGetServiceListeCtrl                   0x00004d9c   Data           4  netapp.o(.constdata)
    _SlRegisterServiceCtrl                   0x00004da0   Data           4  netapp.o(.constdata)
    _SlGetHostByServiceCtrl                  0x00004da4   Data           4  netapp.o(.constdata)
    _SlGetHostByNameCtrl                     0x00004da8   Data           4  netapp.o(.constdata)
    _SlNetAppSetCmdCtrl                      0x00004dac   Data           4  netapp.o(.constdata)
    _SlNetAppSendTokenValueCmdCtrl           0x00004db0   Data           4  netapp.o(.constdata)
    _SlNetAppGetCmdCtrl                      0x00004db4   Data           4  netapp.o(.constdata)
    _SlNetCfgSetCmdCtrl                      0x00004dbc   Data           4  netcfg.o(.constdata)
    _SlNetCfgGetCmdCtrl                      0x00004dc0   Data           4  netcfg.o(.constdata)
    _SlSockSocketCmdCtrl                     0x00004dc4   Data           4  socket.o(.constdata)
    _SlSockCloseCmdCtrl                      0x00004dc8   Data           4  socket.o(.constdata)
    _SlRecvfomCmdCtrl                        0x00004dcc   Data           4  socket.o(.constdata)
    _SlSendCmdCtrl                           0x00004dd0   Data           4  socket.o(.constdata)
    _SlListenCmdCtrl                         0x00004dd4   Data           4  socket.o(.constdata)
    _SlAcceptCmdCtrl                         0x00004dd8   Data           4  socket.o(.constdata)
    _SlRecvCmdCtrl                           0x00004ddc   Data           4  socket.o(.constdata)
    _SlSetSockOptCmdCtrl                     0x00004de0   Data           4  socket.o(.constdata)
    _SlGetSockOptCmdCtrl                     0x00004de4   Data           4  socket.o(.constdata)
    _SlSelectCmdCtrl                         0x00004de8   Data           4  socket.o(.constdata)
    _SlPolicySetCmdCtrl                      0x00004df4   Data           4  wlan.o(.constdata)
    _SlPolicyGetCmdCtrl                      0x00004df8   Data           4  wlan.o(.constdata)
    _SlProfileGetCmdCtrl                     0x00004dfc   Data           4  wlan.o(.constdata)
    _SlProfileDelCmdCtrl                     0x00004e00   Data           4  wlan.o(.constdata)
    _SlWlanGetNetworkListCtrl                0x00004e04   Data           4  wlan.o(.constdata)
    _SlRxFilterAddtCmdCtrl                   0x00004e08   Data           4  wlan.o(.constdata)
    _SlRxFilterSetCmdCtrl                    0x00004e0c   Data           4  wlan.o(.constdata)
    _SlRxFilterGetCmdCtrl                    0x00004e10   Data           4  wlan.o(.constdata)
    _SlSmartConfigStartCmdCtrl               0x00004e14   Data           4  wlan.o(.constdata)
    _SlWlanSetModeCmdCtrl                    0x00004e18   Data           4  wlan.o(.constdata)
    _SlWlanCfgSetCmdCtrl                     0x00004e1c   Data           4  wlan.o(.constdata)
    _SlWlanCfgGetCmdCtrl                     0x00004e20   Data           4  wlan.o(.constdata)
    dBfs                                     0x00005432   Data         512  st7735.o(.constdata)
    __ctype_categories                       0x00005bb4   Data          64  ctype_c.o(.constdata)
    Region$$Table$$Base                      0x00005c08   Number         0  anon$$obj.o(Region$$Table)
    Region$$Table$$Limit                     0x00005c28   Number         0  anon$$obj.o(Region$$Table)
    weather                                  0x20000000   Data           4  main.o(.data)
    g_Status                                 0x20000004   Data           4  main.o(.data)
    DestinationIP                            0x20000008   Data           4  main.o(.data)
    SockID                                   0x2000000c   Data           4  main.o(.data)
    hours                                    0x20000010   Data           4  main.o(.data)
    minutes                                  0x20000014   Data           4  main.o(.data)
    seconds                                  0x20000018   Data           4  main.o(.data)
    temperature                              0x20000020   Data           8  main.o(.data)
    IntIsMasked                              0x20000028   Data           1  board.o(.data)
    pIrqEventHandler                         0x2000002c   Data           4  board.o(.data)
    g_pCB                                    0x20000030   Data           4  driver.o(.data)
    pPingCallBackFunc                        0x20000034   Data           4  driver.o(.data)
    StTextColor                              0x20000058   Data           2  st7735.o(.data)
    StX                                      0x20000060   Data           4  st7735.o(.data)
    StY                                      0x20000064   Data           4  st7735.o(.data)
    lastj                                    0x20000068   Data           4  st7735.o(.data)
    Messageindex                             0x2000006c   Data           4  st7735.o(.data)
    Ymax                                     0x20000070   Data           4  st7735.o(.data)
    Ymin                                     0x20000074   Data           4  st7735.o(.data)
    X                                        0x20000078   Data           4  st7735.o(.data)
    Yrange                                   0x2000007c   Data           4  st7735.o(.data)
    alarmmin                                 0x20000080   Data           4  clock.o(.data)
    alarmhr                                  0x20000084   Data           4  clock.o(.data)
    setmin                                   0x20000088   Data           4  clock.o(.data)
    sethr                                    0x2000008c   Data           4  clock.o(.data)
    prevmin                                  0x20000090   Data           4  clock.o(.data)
    prevhr                                   0x20000094   Data           4  clock.o(.data)
    Function                                 0x20000098   Data           4  clock.o(.data)
    currentState                             0x2000009c   Data           4  clock.o(.data)
    FSM                                      0x200000a0   Data         432  clock.o(.data)
    Recvbuff                                 0x2000066c   Data        1024  main.o(.bss)
    SendBuff                                 0x20000a6c   Data         512  main.o(.bss)
    HostName                                 0x20000c6c   Data          40  main.o(.bss)
    g_StatMem                                0x20000c94   Data         356  driver.o(.bss)
    g__SlNonOsCB                             0x20000df8   Data          40  nonos.o(.bss)
    flag                                     0x200012a0   Data          28  clock.o(.bss)
    __initial_sp                             0x200052c0   Data           0  startup_rvmdk.o(STACK)



==============================================================================

Memory Map of the image

  Image Entry point : 0x0000026d

  Load Region LR_IROM (Base: 0x00000000, Size: 0x00006294, Max: 0x00040000, ABSOLUTE, COMPRESSED[0x00005c9c])

    Execution Region ER_IROM (Base: 0x00000000, Size: 0x00005c28, Max: 0x00040000, ABSOLUTE)

    Base Addr    Size         Type   Attr      Idx    E Section Name        Object

    0x00000000   0x000002a0   Code   RO         1169  * RESET               startup_rvmdk.o
    0x000002a0   0x00000000   Code   RO         3617  * .ARM.Collect$$$$00000000  mc_w.l(entry.o)
    0x000002a0   0x00000004   Code   RO         3903    .ARM.Collect$$$$00000001  mc_w.l(entry2.o)
    0x000002a4   0x00000004   Code   RO         3906    .ARM.Collect$$$$00000004  mc_w.l(entry5.o)
    0x000002a8   0x00000000   Code   RO         3908    .ARM.Collect$$$$00000008  mc_w.l(entry7b.o)
    0x000002a8   0x00000000   Code   RO         3910    .ARM.Collect$$$$0000000A  mc_w.l(entry8b.o)
    0x000002a8   0x00000008   Code   RO         3911    .ARM.Collect$$$$0000000B  mc_w.l(entry9a.o)
    0x000002b0   0x00000000   Code   RO         3913    .ARM.Collect$$$$0000000D  mc_w.l(entry10a.o)
    0x000002b0   0x00000000   Code   RO         3915    .ARM.Collect$$$$0000000F  mc_w.l(entry11a.o)
    0x000002b0   0x00000004   Code   RO         3904    .ARM.Collect$$$$00002712  mc_w.l(entry2.o)
    0x000002b4   0x00000006   Code   RO         2970    .emb_text           driverlib.lib(sysctl.o)
    0x000002ba   0x00000002   PAD
    0x000002bc   0x00000026   Code   RO         3601    .emb_text           driverlib.lib(cpu.o)
    0x000002e2   0x00000024   Code   RO         3620    .text               mc_w.l(memcpya.o)
    0x00000306   0x00000024   Code   RO         3622    .text               mc_w.l(memseta.o)
    0x0000032a   0x00000024   Code   RO         3626    .text               mc_w.l(strstr.o)
    0x0000034e   0x0000000e   Code   RO         3628    .text               mc_w.l(strlen.o)
    0x0000035c   0x00000012   Code   RO         3630    .text               mc_w.l(strcpy.o)
    0x0000036e   0x000000e4   Code   RO         3897    .text               mf_w.l(dmul.o)
    0x00000452   0x0000003e   Code   RO         3901    .text               mf_w.l(dfixi.o)
    0x00000490   0x0000001e   Code   RO         3922    .text               mc_w.l(llshl.o)
    0x000004ae   0x00000020   Code   RO         3924    .text               mc_w.l(llushr.o)
    0x000004ce   0x00000002   PAD
    0x000004d0   0x0000009c   Code   RO         3935    .text               mc_w.l(strtod.o)
    0x0000056c   0x00000000   Code   RO         3937    .text               mc_w.l(iusefp.o)
    0x0000056c   0x000000be   Code   RO         3938    .text               mf_w.l(depilogue.o)
    0x0000062a   0x000000de   Code   RO         3940    .text               mf_w.l(ddiv.o)
    0x00000708   0x00000024   Code   RO         3946    .text               mc_w.l(init.o)
    0x0000072c   0x0000000a   Code   RO         3948    .text               mc_w.l(isspace_c.o)
    0x00000736   0x00000002   PAD
    0x00000738   0x0000033c   Code   RO         3950    .text               mc_w.l(scanf_fp.o)
    0x00000a74   0x00000040   Code   RO         3954    .text               mc_w.l(_sgetc.o)
    0x00000ab4   0x00000028   Code   RO         3956    .text               mc_w.l(ctype_c.o)
    0x00000adc   0x00000018   Code   RO         3959    .text               mf_w.l(dfltul.o)
    0x00000af4   0x00000038   Code   RO         3961    .text               mf_w.l(d2f.o)
    0x00000b2c   0x0000006c   Code   RO         3963    .text               mf_w.l(fepilogue.o)
    0x00000b98   0x0000005c   Code   RO         3973    .text               mc_w.l(__dczerorl2.o)
    0x00000bf4   0x000000b4   Code   RO         1843    i.ADC0_InitSWTriggerSeq3_Ch9  adcswtrigger.o
    0x00000ca8   0x00000014   Code   RO          384    i.Board_Input       led.o
    0x00000cbc   0x0000000c   Code   RO          195    i.CC3100_InterruptDisable  board.o
    0x00000cc8   0x0000000c   Code   RO          196    i.CC3100_InterruptEnable  board.o
    0x00000cd4   0x00000010   Code   RO          197    i.CC3100_disable    board.o
    0x00000ce4   0x00000010   Code   RO          198    i.CC3100_enable     board.o
    0x00000cf4   0x00000020   Code   RO         2205    i.Clock_Init        clock.o
    0x00000d14   0x0000006c   Code   RO         2206    i.Clock_wait        clock.o
    0x00000d80   0x00000078   Code   RO            1    i.Connection        main.o
    0x00000df8   0x0000001a   Code   RO          795    i.CopyPingResultsToReport  netapp.o
    0x00000e12   0x00000012   Code   RO            2    i.Crash             main.o
    0x00000e24   0x0000001a   Code   RO         1537    i.Delay1ms          st7735.o
    0x00000e3e   0x00000002   PAD
    0x00000e40   0x00000010   Code   RO         2320    i.FPUEnable         driverlib.lib(fpu.o)
    0x00000e50   0x00000010   Code   RO         2323    i.FPULazyStackingEnable  driverlib.lib(fpu.o)
    0x00000e60   0x00000034   Code   RO          200    i.GPIOB_intHandler  board.o
    0x00000e94   0x00000028   Code   RO         2393    i.GPIODirModeSet    driverlib.lib(gpio.o)
    0x00000ebc   0x00000006   Code   RO         2394    i.GPIOIntClear      driverlib.lib(gpio.o)
    0x00000ec2   0x0000000e   Code   RO         2395    i.GPIOIntDisable    driverlib.lib(gpio.o)
    0x00000ed0   0x0000000e   Code   RO         2396    i.GPIOIntEnable     driverlib.lib(gpio.o)
    0x00000ede   0x0000000e   Code   RO         2398    i.GPIOIntStatus     driverlib.lib(gpio.o)
    0x00000eec   0x00000050   Code   RO         2400    i.GPIOIntTypeSet    driverlib.lib(gpio.o)
    0x00000f3c   0x0000013a   Code   RO         2403    i.GPIOPadConfigSet  driverlib.lib(gpio.o)
    0x00001076   0x00000002   PAD
    0x00001078   0x00000048   Code   RO         2404    i.GPIOPinConfigure  driverlib.lib(gpio.o)
    0x000010c0   0x0000001c   Code   RO         2413    i.GPIOPinTypeGPIOInput  driverlib.lib(gpio.o)
    0x000010dc   0x0000001c   Code   RO         2414    i.GPIOPinTypeGPIOOutput  driverlib.lib(gpio.o)
    0x000010f8   0x0000001c   Code   RO         2427    i.GPIOPinTypeSSI    driverlib.lib(gpio.o)
    0x00001114   0x0000001c   Code   RO         2429    i.GPIOPinTypeUART   driverlib.lib(gpio.o)
    0x00001130   0x00000006   Code   RO         2435    i.GPIOPinWrite      driverlib.lib(gpio.o)
    0x00001136   0x00000044   Code   RO          450    i.GetStartResponseConvert  device.o
    0x0000117a   0x00000002   PAD
    0x0000117c   0x00000064   Code   RO         2706    i.IntEnable         driverlib.lib(interrupt.o)
    0x000011e0   0x0000000e   Code   RO         2709    i.IntMasterEnable   driverlib.lib(interrupt.o)
    0x000011ee   0x00000002   PAD
    0x000011f0   0x00000034   Code   RO         2718    i.IntRegister       driverlib.lib(interrupt.o)
    0x00001224   0x00000010   Code   RO         1301    i.IsBufferEmpty     uartstdio.o
    0x00001234   0x0000001a   Code   RO         1302    i.IsBufferFull      uartstdio.o
    0x0000124e   0x00000002   PAD
    0x00001250   0x0000000c   Code   RO          386    i.LED_GreenOff      led.o
    0x0000125c   0x0000000c   Code   RO          387    i.LED_GreenOn       led.o
    0x00001268   0x000000d8   Code   RO          389    i.LED_Init          led.o
    0x00001340   0x00000010   Code   RO          392    i.LED_RedToggle     led.o
    0x00001350   0x00000024   Code   RO         1804    i.Parse_Buffer      screen.o
    0x00001374   0x0000004a   Code   RO         2826    i.SSIConfigSetExpClk  driverlib.lib(ssi.o)
    0x000013be   0x00000014   Code   RO         2830    i.SSIDataGetNonBlocking  driverlib.lib(ssi.o)
    0x000013d2   0x00000010   Code   RO         2832    i.SSIDataPutNonBlocking  driverlib.lib(ssi.o)
    0x000013e2   0x0000000a   Code   RO         2834    i.SSIEnable         driverlib.lib(ssi.o)
    0x000013ec   0x000000c8   Code   RO         1545    i.ST7735_DrawChar   st7735.o
    0x000014b4   0x000000bc   Code   RO         1546    i.ST7735_DrawCharS  st7735.o
    0x00001570   0x0000003c   Code   RO         1549    i.ST7735_DrawPixel  st7735.o
    0x000015ac   0x00000052   Code   RO         1550    i.ST7735_DrawString  st7735.o
    0x000015fe   0x00000002   PAD
    0x00001600   0x00000078   Code   RO         1551    i.ST7735_FillRect   st7735.o
    0x00001678   0x0000001c   Code   RO         1552    i.ST7735_FillScreen  st7735.o
    0x00001694   0x00000068   Code   RO         1554    i.ST7735_InitR      st7735.o
    0x000016fc   0x00000014   Code   RO         1567    i.ST7735_SetCursor  st7735.o
    0x00001710   0x00000040   Code   RO            4    i.Set_Time          main.o
    0x00001750   0x0000002c   Code   RO            6    i.SimpleLinkHttpServerCallback  main.o
    0x0000177c   0x00000040   Code   RO            7    i.SimpleLinkNetAppEventHandler  main.o
    0x000017bc   0x000000d0   Code   RO            9    i.SimpleLinkWlanEventHandler  main.o
    0x0000188c   0x00000002   Code   RO         2169    i.Sound_Init        sound.o
    0x0000188e   0x00000002   PAD
    0x00001890   0x00000164   Code   RO         2973    i.SysCtlClockGet    driverlib.lib(sysctl.o)
    0x000019f4   0x00000120   Code   RO         2975    i.SysCtlClockSet    driverlib.lib(sysctl.o)
    0x00001b14   0x00000028   Code   RO         3004    i.SysCtlPeripheralEnable  driverlib.lib(sysctl.o)
    0x00001b3c   0x00000012   Code   RO         1884    i.Time_Init         timer.o
    0x00001b4e   0x00000002   PAD
    0x00001b50   0x0000000c   Code   RO         1886    i.Timer2A_Handler   timer.o
    0x00001b5c   0x0000005c   Code   RO         1887    i.Timer2_Init       timer.o
    0x00001bb8   0x0000001a   Code   RO         1906    i.TimerIntRegister  timer.o
    0x00001bd2   0x00000002   PAD
    0x00001bd4   0x00000028   Code   RO         1304    i.UARTFlushRx       uartstdio.o
    0x00001bfc   0x00000038   Code   RO         1305    i.UARTFlushTx       uartstdio.o
    0x00001c34   0x00000078   Code   RO         1308    i.UARTPrimeTransmit  uartstdio.o
    0x00001cac   0x00000098   Code   RO         1310    i.UARTStdioConfig   uartstdio.o
    0x00001d44   0x00000108   Code   RO         1311    i.UARTStdioIntHandler  uartstdio.o
    0x00001e4c   0x00000044   Code   RO           10    i.UART_Init         main.o
    0x00001e90   0x00000012   Code   RO         1315    i.UARTprintf        uartstdio.o
    0x00001ea2   0x00000002   PAD
    0x00001ea4   0x000001b4   Code   RO         1316    i.UARTvprintf       uartstdio.o
    0x00002058   0x00000090   Code   RO         1317    i.UARTwrite         uartstdio.o
    0x000020e8   0x000002e0   Code   RO          574    i._SlAsyncEventGenericHandler  driver.o
    0x000023c8   0x00000028   Code   RO          575    i._SlDrvBasicCmd    driver.o
    0x000023f0   0x00000088   Code   RO          576    i._SlDrvClassifyRxMsg  driver.o
    0x00002478   0x00000054   Code   RO          577    i._SlDrvCmdOp       driver.o
    0x000024cc   0x0000001c   Code   RO          578    i._SlDrvCmdSend     driver.o
    0x000024e8   0x00000150   Code   RO          579    i._SlDrvDataReadOp  driver.o
    0x00002638   0x00000114   Code   RO          580    i._SlDrvDataWriteOp  driver.o
    0x0000274c   0x0000001a   Code   RO          451    i._SlDrvDeviceEventHandler  device.o
    0x00002766   0x00000002   PAD
    0x00002768   0x00000060   Code   RO          581    i._SlDrvDriverCBDeinit  driver.o
    0x000027c8   0x00000090   Code   RO          582    i._SlDrvDriverCBInit  driver.o
    0x00002858   0x0000002c   Code   RO          720    i._SlDrvFlowContDeinit  flowcont.o
    0x00002884   0x00000030   Code   RO          721    i._SlDrvFlowContInit  flowcont.o
    0x000028b4   0x0000034c   Code   RO          583    i._SlDrvMsgRead     driver.o
    0x00002c00   0x000000a4   Code   RO          584    i._SlDrvMsgReadCmdCtx  driver.o
    0x00002ca4   0x00000088   Code   RO          585    i._SlDrvMsgReadSpawnCtx  driver.o
    0x00002d2c   0x000000f0   Code   RO          586    i._SlDrvMsgWrite    driver.o
    0x00002e1c   0x000000c6   Code   RO          796    i._SlDrvNetAppEventHandler  netapp.o
    0x00002ee2   0x00000002   PAD
    0x00002ee4   0x00000018   Code   RO          587    i._SlDrvObjDeInit   driver.o
    0x00002efc   0x0000003c   Code   RO          588    i._SlDrvObjInit     driver.o
    0x00002f38   0x000000e4   Code   RO          589    i._SlDrvReleasePoolObj  driver.o
    0x0000301c   0x0000012c   Code   RO          590    i._SlDrvRxHdrRead   driver.o
    0x00003148   0x0000003c   Code   RO          591    i._SlDrvRxIrqHandler  driver.o
    0x00003184   0x00000016   Code   RO          592    i._SlDrvShiftDWord  driver.o
    0x0000319a   0x00000002   PAD
    0x0000319c   0x00000104   Code   RO          593    i._SlDrvWaitForPoolObj  driver.o
    0x000032a0   0x00000094   Code   RO          594    i._SlFindAndSetActiveObj  driver.o
    0x00003334   0x00000040   Code   RO          933    i._SlNonOsMainLoopTask  nonos.o
    0x00003374   0x00000032   Code   RO          934    i._SlNonOsSemGet    nonos.o
    0x000033a6   0x00000006   Code   RO          935    i._SlNonOsSemSet    nonos.o
    0x000033ac   0x00000024   Code   RO          936    i._SlNonOsSpawn     nonos.o
    0x000033d0   0x00000058   Code   RO          595    i._SlRemoveFromList  driver.o
    0x00003428   0x00000050   Code   RO         1927    i._TimerIntNumberGet  timer.o
    0x00003478   0x00000038   Code   RO         3611    i.__hardfp_atof     m_wm.l(atof.o)
    0x000034b0   0x0000000c   Code   RO         3929    i.__read_errno      mc_w.l(errno.o)
    0x000034bc   0x0000000e   Code   RO         3967    i.__scatterload_copy  mc_w.l(handlers.o)
    0x000034ca   0x00000002   Code   RO         3968    i.__scatterload_null  mc_w.l(handlers.o)
    0x000034cc   0x0000000e   Code   RO         3969    i.__scatterload_zeroinit  mc_w.l(handlers.o)
    0x000034da   0x00000002   PAD
    0x000034dc   0x0000000c   Code   RO         3930    i.__set_errno       mc_w.l(errno.o)
    0x000034e8   0x0000000e   Code   RO         3952    i._is_digit         mc_w.l(scanf_fp.o)
    0x000034f6   0x00000026   Code   RO          970    i._sl_BuildAddress  socket.o
    0x0000351c   0x00000074   Code   RO          971    i._sl_HandleAsync_Accept  socket.o
    0x00003590   0x0000007c   Code   RO          972    i._sl_HandleAsync_Connect  socket.o
    0x0000360c   0x00000074   Code   RO          798    i._sl_HandleAsync_DnsGetHostByName  netapp.o
    0x00003680   0x0000006c   Code   RO          799    i._sl_HandleAsync_DnsGetHostByService  netapp.o
    0x000036ec   0x00000084   Code   RO          452    i._sl_HandleAsync_InitComplete  device.o
    0x00003770   0x00000080   Code   RO          800    i._sl_HandleAsync_PingResponse  netapp.o
    0x000037f0   0x00000064   Code   RO          973    i._sl_HandleAsync_Select  socket.o
    0x00003854   0x00000060   Code   RO          453    i._sl_HandleAsync_Stop  device.o
    0x000038b4   0x00000054   Code   RO          975    i._sl_TruncatePayloadByProtocol  socket.o
    0x00003908   0x00000052   Code   RO         1571    i.commandList       st7735.o
    0x0000395a   0x00000002   PAD
    0x0000395c   0x00000138   Code   RO         1572    i.commonInit        st7735.o
    0x00003a94   0x00000110   Code   RO           11    i.configureSimpleLinkToDefaultState  main.o
    0x00003ba4   0x0000001c   Code   RO         2207    i.confirmAlarm      clock.o
    0x00003bc0   0x00000028   Code   RO         2208    i.confirmTime       clock.o
    0x00003be8   0x00000088   Code   RO         2209    i.drawDigital       clock.o
    0x00003c70   0x00000098   Code   RO         2210    i.draw_Temp         clock.o
    0x00003d08   0x00000018   Code   RO          204    i.initClk           board.o
    0x00003d20   0x00000198   Code   RO           12    i.main              main.o
    0x00003eb8   0x0000001e   Code   RO           13    i.parse_time        main.o
    0x00003ed6   0x00000002   Code   RO         2211    i.placeHolder       clock.o
    0x00003ed8   0x00000014   Code   RO         1577    i.pushColor         st7735.o
    0x00003eec   0x0000000c   Code   RO          205    i.registerInterruptHandler  board.o
    0x00003ef8   0x00000012   Code   RO         1807    i.screen_Init       screen.o
    0x00003f0a   0x00000002   PAD
    0x00003f0c   0x0000006c   Code   RO         1578    i.setAddrWindow     st7735.o
    0x00003f78   0x0000001c   Code   RO         2212    i.setAlarm          clock.o
    0x00003f94   0x00000024   Code   RO         2213    i.setHourUp         clock.o
    0x00003fb8   0x00000024   Code   RO         2214    i.setMinuteUp       clock.o
    0x00003fdc   0x00000028   Code   RO         2215    i.setTime           clock.o
    0x00004004   0x00000020   Code   RO          978    i.sl_Close          socket.o
    0x00004024   0x000000ec   Code   RO          979    i.sl_Connect        socket.o
    0x00004110   0x00000070   Code   RO          454    i.sl_DevGet         device.o
    0x00004180   0x00000028   Code   RO          981    i.sl_Htonl          socket.o
    0x000041a8   0x00000030   Code   RO          982    i.sl_Htons          socket.o
    0x000041d8   0x000000d8   Code   RO          801    i.sl_NetAppDnsGetHostByName  netapp.o
    0x000042b0   0x0000007c   Code   RO          806    i.sl_NetAppMDNSRegisterUnregisterService  netapp.o
    0x0000432c   0x00000012   Code   RO          807    i.sl_NetAppMDNSUnRegisterService  netapp.o
    0x0000433e   0x00000002   PAD
    0x00004340   0x00000050   Code   RO          809    i.sl_NetAppSendTokenValue  netapp.o
    0x00004390   0x00000040   Code   RO          913    i.sl_NetCfgSet      netcfg.o
    0x000043d0   0x00000040   Code   RO          984    i.sl_Recv           socket.o
    0x00004410   0x000000ac   Code   RO          987    i.sl_Send           socket.o
    0x000044bc   0x00000030   Code   RO          990    i.sl_Socket         socket.o
    0x000044ec   0x000000b8   Code   RO          458    i.sl_Start          device.o
    0x000045a4   0x000000c8   Code   RO          459    i.sl_Stop           device.o
    0x0000466c   0x000001a4   Code   RO         1177    i.sl_WlanConnect    wlan.o
    0x00004810   0x00000008   Code   RO         1178    i.sl_WlanDisconnect  wlan.o
    0x00004818   0x00000038   Code   RO         1182    i.sl_WlanPolicySet  wlan.o
    0x00004850   0x00000020   Code   RO         1184    i.sl_WlanProfileDel  wlan.o
    0x00004870   0x00000040   Code   RO         1192    i.sl_WlanSet        wlan.o
    0x000048b0   0x00000020   Code   RO         1193    i.sl_WlanSetMode    wlan.o
    0x000048d0   0x0000000a   Code   RO         1131    i.spi_Close         spi.o
    0x000048da   0x00000002   PAD
    0x000048dc   0x000000f0   Code   RO         1132    i.spi_Open          spi.o
    0x000049cc   0x00000058   Code   RO         1133    i.spi_Read          spi.o
    0x00004a24   0x00000054   Code   RO         1134    i.spi_Write         spi.o
    0x00004a78   0x0000000c   Code   RO         2171    i.startSound        sound.o
    0x00004a84   0x0000000c   Code   RO         2172    i.stopSound         sound.o
    0x00004a90   0x00000014   Code   RO         2216    i.toggleAlarm       clock.o
    0x00004aa4   0x00000014   Code   RO         2217    i.toggleWeather     clock.o
    0x00004ab8   0x000000fc   Code   RO         2218    i.update            clock.o
    0x00004bb4   0x00000020   Code   RO         1579    i.writecommand      st7735.o
    0x00004bd4   0x0000001c   Code   RO         1580    i.writedata         st7735.o
    0x00004bf0   0x00000145   Data   RO           15    .constdata          main.o
    0x00004d35   0x00000001   PAD
    0x00004d36   0x00000014   Data   RO          461    .constdata          device.o
    0x00004d4a   0x00000002   PAD
    0x00004d4c   0x00000048   Data   RO          597    .constdata          driver.o
    0x00004d94   0x00000028   Data   RO          813    .constdata          netapp.o
    0x00004dbc   0x00000008   Data   RO          914    .constdata          netcfg.o
    0x00004dc4   0x00000030   Data   RO          991    .constdata          socket.o
    0x00004df4   0x00000034   Data   RO         1196    .constdata          wlan.o
    0x00004e28   0x00000028   Data   RO         1319    .constdata          uartstdio.o
    0x00004e50   0x000007e2   Data   RO         1582    .constdata          st7735.o
    0x00005632   0x00000002   PAD
    0x00005634   0x000000a0   Data   RO         1928    .constdata          timer.o
    0x000056d4   0x00000210   Data   RO         2436    .constdata          driverlib.lib(gpio.o)
    0x000058e4   0x0000010c   Data   RO         2722    .constdata          driverlib.lib(interrupt.o)
    0x000059f0   0x000001c4   Data   RO         3025    .constdata          driverlib.lib(sysctl.o)
    0x00005bb4   0x00000040   Data   RO         3957    .constdata          mc_w.l(ctype_c.o)
    0x00005bf4   0x00000011   Data   RO         1320    .conststring        uartstdio.o
    0x00005c05   0x00000003   PAD
    0x00005c08   0x00000020   Data   RO         3965    Region$$Table       anon$$obj.o


    Execution Region RW_IRAM (Base: 0x20000000, Size: 0x000052c0, Max: 0x00008000, ABSOLUTE, COMPRESSED[0x00000074])

    Base Addr    Size         Type   Attr      Idx    E Section Name        Object

    0x20000000   0x0000001c   Data   RW           16    .data               main.o
    0x2000001c   0x00000004   PAD
    0x20000020   0x00000008   Data   RW           18    .data               main.o
    0x20000028   0x00000008   Data   RW          207    .data               board.o
    0x20000030   0x00000004   Data   RW          598    .data               driver.o
    0x20000034   0x00000004   Data   RW          599    .data               driver.o
    0x20000038   0x0000001c   Data   RW         1321    .data               uartstdio.o
    0x20000054   0x0000002c   Data   RW         1583    .data               st7735.o
    0x20000080   0x000001d0   Data   RW         2220    .data               clock.o
    0x20000250   0x00000004   Data   RW         3931    .data               mc_w.l(errno.o)
    0x20000254   0x000001ac   PAD
    0x20000400   0x0000026c   Data   RW         2723    vtable              driverlib.lib(interrupt.o)
    0x2000066c   0x00000628   Zero   RW           14    .bss                main.o
    0x20000c94   0x00000164   Zero   RW          596    .bss                driver.o
    0x20000df8   0x00000028   Zero   RW          937    .bss                nonos.o
    0x20000e20   0x00000480   Zero   RW         1318    .bss                uartstdio.o
    0x200012a0   0x0000001c   Zero   RW         2219    .bss                clock.o
    0x200012bc   0x00000004   PAD
    0x200012c0   0x00004000   Zero   RW         1167    STACK               startup_rvmdk.o


==============================================================================

Image component sizes


      Code (inc. data)   RO Data    RW Data    ZI Data      Debug   Object Name

       180         24          0          0          0        521   adcswtrigger.o
       144         36          0          8          0       3771   board.o
       930        154          0        464         28       7436   clock.o
       818         48         20          0          0      73897   device.o
      4450        156         72          8        356      22481   driver.o
        92         10          0          0          0       1120   flowcont.o
       276         54          0          0          0       2070   led.o
      1296        430        325         36       1576      41949   main.o
      1014         46         40          0          0       9790   netapp.o
        64          6          8          0          0       1493   netcfg.o
         0          0          0          0          0       2768   nokia5110.o
       156         16          0          0         40       3244   nonos.o
        54         14          0          0          0        897   screen.o
      1102         68         48          0          0      10025   socket.o
        26          8          0          0          0       1170   sound.o
       422         60          0          0          0       2474   spi.o
      1410        102       2018         44          0      11825   st7735.o
       672        620          0          0      16384        260   startup_rvmdk.o
       228         46        160          0          0       3315   timer.o
      1272         72         57         28       1152       8599   uartstdio.o
       612         26         52          0          0       6650   wlan.o

    ----------------------------------------------------------------------
     15248       1996       2840        592      19540     215755   Object Totals
         0          0         32          0          0          0   (incl. Generated)
        30          0          8          4          4          0   (incl. Padding)

    ----------------------------------------------------------------------

      Code (inc. data)   RO Data    RW Data    ZI Data      Debug   Library Member Name

        38          0          0          0          0        504   cpu.o
        32          8          0          0          0        780   fpu.o
       672          8        528          0          0       7285   gpio.o
       166         16        268        620          0       2340   interrupt.o
       120          0          0          0          0       2749   ssi.o
       690         64        452          0          0       3951   sysctl.o
        56         12          0          0          0        132   atof.o
        92          0          0          0          0          0   __dczerorl2.o
        64          0          0          0          0         84   _sgetc.o
        40          6         64          0          0         68   ctype_c.o
         0          0          0          0          0          0   entry.o
         0          0          0          0          0          0   entry10a.o
         0          0          0          0          0          0   entry11a.o
         8          4          0          0          0          0   entry2.o
         4          0          0          0          0          0   entry5.o
         0          0          0          0          0          0   entry7b.o
         0          0          0          0          0          0   entry8b.o
         8          4          0          0          0          0   entry9a.o
        24         12          0          4          0        136   errno.o
        30          0          0          0          0          0   handlers.o
        36          8          0          0          0         68   init.o
        10          0          0          0          0         68   isspace_c.o
         0          0          0          0          0          0   iusefp.o
        30          0          0          0          0         68   llshl.o
        32          0          0          0          0         68   llushr.o
        36          0          0          0          0         68   memcpya.o
        36          0          0          0          0        108   memseta.o
       842         12          0          0          0        216   scanf_fp.o
        18          0          0          0          0         68   strcpy.o
        14          0          0          0          0         68   strlen.o
        36          0          0          0          0         80   strstr.o
       156         14          0          0          0        120   strtod.o
        56          0          0          0          0         88   d2f.o
       222          0          0          0          0        100   ddiv.o
       190          0          0          0          0        176   depilogue.o
        62          0          0          0          0         80   dfixi.o
        24          0          0          0          0         76   dfltul.o
       228          0          0          0          0         96   dmul.o
       108          0          0          0          0        168   fepilogue.o

    ----------------------------------------------------------------------
      4192        168       1312       1052          0      19813   Library Totals
        12          0          0        428          0          0   (incl. Padding)

    ----------------------------------------------------------------------

      Code (inc. data)   RO Data    RW Data    ZI Data      Debug   Library Name

      1718         96       1248        620          0      17609   driverlib.lib
        56         12          0          0          0        132   m_wm.l
      1516         60         64          4          0       1288   mc_w.l
       890          0          0          0          0        784   mf_w.l

    ----------------------------------------------------------------------
      4192        168       1312       1052          0      19813   Library Totals

    ----------------------------------------------------------------------

==============================================================================


      Code (inc. data)   RO Data    RW Data    ZI Data      Debug   

     19440       2164       4152       1644      19540     218880   Grand Totals
     19440       2164       4152        116      19540     218880   ELF Image Totals (compressed)
     19440       2164       4152        116          0          0   ROM Totals

==============================================================================

    Total RO  Size (Code + RO Data)                23592 (  23.04kB)
    Total RW  Size (RW Data + ZI Data)             21184 (  20.69kB)
    Total ROM Size (Code + RO Data + RW Data)      23708 (  23.15kB)

==============================================================================

